{
  "code": "100000",
  "data": {
    "book_list": [
      {
        "author_name": "泡面加蛋",
        "book_id": "100252649",
        "book_name": "反派女皇偷听我内心还不让我躺平？",
        "book_src": "本站首发",
        "category_index": "8",
        "chapter_amount": "39",
        "cover": "http://c1.kuangxiangit.com/uploads/allimg/c210615/15-06-21123526-48191.jpg",
        "current_blade": "173",
        "current_yp": "1072",
        "description": "罗杰一觉醒来，穿越成了西幻RPG大作《永夜难明》，最终反派“永夜女皇”手下右相的弟弟。他自带躺平系统，只要一直混吃等死，当个废物弟弟，就能获得数不清的奖励。岂料永夜女皇不讲武德，靠着超强天赋偷听了他的内心。“青藤帝国千秋万代，女皇陛下自然是大陆永远的主人！”【别做梦了，你被诸神忌惮联手针对，十年后你人都没了！】“在下一介庸才，完全不知如何让十七国乱民归心啊！”【血妈文化水平不行啊，连“车同轨，书同文，行同伦”都不知道？】“左相玛格丽特大人当世人杰，我不敢妄议。”【她就一卧底，重用她真是怕自己死的不够快……】三天后，左相玛格丽特被废，永夜女皇下诏：“罗杰护国有功，封为左相！”“谢陛下……”【血妈你别搞我，我就只想躺平啊！】看着罗杰满心不情愿又只能答应，永夜女皇露出一个满足的笑容。口是心非什么的……最有趣了！",
        "discount": "1",
        "discount_end_time": "",
        "is_original": "1",
        "is_paid": "0",
        "last_chapter_info": {
          "book_id": "100252649",
          "chapter_id": "107307100",
          "chapter_index": "39",
          "chapter_title": "第39章 爆炸，爆炸，还特么的是爆炸！（第4更）",
          "mtime": "2021-06-27 15:10:22",
          "recommend_book_info": "[]",
          "uptime": "2021-06-27 15:10:22"
        },
        "month_click": "3519963",
        "month_fans_value": "33608",
        "month_favor": "34679",
        "month_no_vip_click": "2512416",
        "month_recommend": "16262",
        "newtime": "2021-06-17 14:28:06",
        "review_amount": "81",
        "reward_amount": "16308",
        "tag": "爆笑,魔法,异世,网游,修罗场",
        "tag_list": [
          {
            "tag_id": "918347",
            "tag_name": "爆笑",
            "tag_type": "1"
          },
          {
            "tag_id": "918349",
            "tag_name": "魔法",
            "tag_type": "1"
          },
          {
            "tag_id": "918346",
            "tag_name": "异世",
            "tag_type": "1"
          },
          {
            "tag_id": "918351",
            "tag_name": "网游",
            "tag_type": "1"
          },
          {
            "tag_id": "918350",
            "tag_name": "躺平系统",
            "tag_type": "3"
          },
          {
            "tag_id": "918348",
            "tag_name": "修罗场",
            "tag_type": "1"
          }
        ],
        "total_blade": "173",
        "total_click": "3519963",
        "total_fans_value": "33608",
        "total_favor": "34679",
        "total_recommend": "16262",
        "total_word_count": "94852",
        "total_yp": "1072",
        "up_status": "0",
        "update_status": "1",
        "uptime": "2021-06-27 15:10:22",
        "week_click": "3390879",
        "week_fans_value": "31708",
        "week_favor": "33419",
        "week_no_vip_click": "2438913",
        "week_recommend": "15737"
      },
      {
        "author_name": "ccc",
        "book_id": "100252338",
        "book_name": "原来，她们才是主角",
        "book_src": "本站首发",
        "category_index": "5",
        "chapter_amount": "29",
        "cover": "http://c1.kuangxiangit.com/uploads/allimg/c210613/13-06-21214020-68610.jpg",
        "current_blade": "125",
        "current_yp": "582",
        "description": "牧知安穿越到了仙侠世界，成为了一名注定要被主角当作踏脚石的配角。本想和那些天选之子的主角交好，然而，牧知安回过头却发现，围绕在自己身边的妹子们，要么是主角的青梅竹马，要么是主角的未婚妻。最令人匪夷所思的是，那些本应该会喜欢主角的妹子们却都喜欢上了牧知安这个配角，看着身边一个个美若天仙的女孩们，牧知安产生了大胆的想法，决心干掉主角，翻身做主人。好不容易平了几位主角，得到大量资源，为了提升妹子们的实力，他将诸多资源分享给了身边的女孩们。本以为享受着诸多资源的自己未来定能证道成帝，羽化而登仙。直至某天，看着天空劫云滚滚，还有在雷劫中焕然新生的几位女帝，牧知安眼睛逐渐失去了神采，喃喃道：“我真傻，真的……我以为干掉那些天选之子以后我就是新世界的主角，会是未来的登仙期强者，可我没想到……原来她们才是主角。”",
        "discount": "1",
        "discount_end_time": "",
        "is_original": "1",
        "is_paid": "0",
        "last_chapter_info": {
          "book_id": "100252338",
          "chapter_id": "107307458",
          "chapter_index": "29",
          "chapter_title": "第29章 软饭硬吃（4K）",
          "mtime": "2021-06-27 17:37:15",
          "recommend_book_info": "[]",
          "uptime": "2021-06-27 17:03:06"
        },
        "month_click": "3953814",
        "month_fans_value": "176864",
        "month_favor": "38567",
        "month_no_vip_click": "2255070",
        "month_recommend": "11122",
        "newtime": "2021-06-16 13:49:35",
        "review_amount": "120",
        "reward_amount": "164364",
        "tag": "后宫,修罗场,爽文,扮猪吃虎",
        "tag_list": [
          {
            "tag_id": "917089",
            "tag_name": "后宫",
            "tag_type": "1"
          },
          {
            "tag_id": "917092",
            "tag_name": "修罗场",
            "tag_type": "1"
          },
          {
            "tag_id": "917090",
            "tag_name": "爽文",
            "tag_type": "1"
          },
          {
            "tag_id": "917091",
            "tag_name": "扮猪吃虎",
            "tag_type": "1"
          }
        ],
        "total_blade": "125",
        "total_click": "3953814",
        "total_fans_value": "176864",
        "total_favor": "38567",
        "total_recommend": "11122",
        "total_word_count": "81833",
        "total_yp": "582",
        "up_status": "0",
        "update_status": "1",
        "uptime": "2021-06-27 17:03:06",
        "week_click": "3753141",
        "week_fans_value": "173564",
        "week_favor": "36204",
        "week_no_vip_click": "2172519",
        "week_recommend": "10228"
      },
      {
        "author_name": "鸽子不熟",
        "book_id": "100251321",
        "book_name": "我在直播中建造了初号机？",
        "book_src": "本站首发",
        "category_index": "6",
        "chapter_amount": "48",
        "cover": "http://c1.kuangxiangit.com/uploads/allimg/c210609/09-06-21094715-63823.jpg",
        "current_blade": "1491",
        "current_yp": "7004",
        "description": "“初号机？”“机械哥斯拉？”“无限龙兽？”有哪个男人会不喜欢高八十米的紫色巨大决战兵器呢？无论是组装，装配，改装，战斗，都该全力以赴。这是一个开着初号机的男人寻找自我价值的故事。",
        "discount": "1",
        "discount_end_time": "",
        "is_original": "1",
        "is_paid": "0",
        "last_chapter_info": {
          "book_id": "100251321",
          "chapter_id": "107307940",
          "chapter_index": "48",
          "chapter_title": "第四十七章 上帝有几个师啊",
          "mtime": "2021-06-27 19:33:59",
          "recommend_book_info": "[]",
          "uptime": "2021-06-27 19:33:59"
        },
        "month_click": "8356155",
        "month_fans_value": "365520",
        "month_favor": "41411",
        "month_no_vip_click": "4418664",
        "month_recommend": "68902",
        "newtime": "2021-06-17 17:56:43",
        "review_amount": "502",
        "reward_amount": "216420",
        "tag": "热血",
        "tag_list": [
          {
            "tag_id": "917987",
            "tag_name": "短",
            "tag_type": "3"
          },
          {
            "tag_id": "917848",
            "tag_name": "EVA",
            "tag_type": "3"
          },
          {
            "tag_id": "913123",
            "tag_name": "热血",
            "tag_type": "1"
          },
          {
            "tag_id": "917677",
            "tag_name": "似fl实则不",
            "tag_type": "3"
          }
        ],
        "total_blade": "1491",
        "total_click": "8356155",
        "total_fans_value": "365520",
        "total_favor": "41411",
        "total_recommend": "68902",
        "total_word_count": "95734",
        "total_yp": "7004",
        "up_status": "0",
        "update_status": "1",
        "uptime": "2021-06-27 19:33:59",
        "week_click": "3432090",
        "week_fans_value": "53820",
        "week_favor": "5334",
        "week_no_vip_click": "1710966",
        "week_recommend": "39571"
      },
      {
        "author_name": "墨白虾",
        "book_id": "100245800",
        "book_name": "日常番里的小猫咪",
        "book_src": "本站首发",
        "category_index": "6",
        "chapter_amount": "36",
        "cover": "http://c1.kuangxiangit.com/uploads/allimg/c210610/10-06-21181622-18274.jpg",
        "current_blade": "48",
        "current_yp": "174",
        "description": "猫咪日常任务：【躲猫猫：在小鸟游十花家中躲藏1个小时以上。（目标在家中开始计时，离开停止计时。）】【拔网线：24小时内，让珈百璃最少断网5次。（需电脑处于游戏状态）】【绑架仓鼠：从土间埋房间中掳走仓鼠，并向其索要赎金。（赎金越多奖励越高）】【菠萝包：抢走萨塔妮娅的菠萝包。（当面拆开包装并吃下奖励翻倍）】墨白躲在房间中，尾巴捆着两只仓鼠，一爪拿着啃了几口的菠萝包，一爪按在信号屏蔽器上，看着手持汤勺，捂住口鼻四处找猫的小鸟游十花，一脸无辜：“喵~~”“小猫咪能有什么坏心眼呢？”包含的日常世界：珈百璃的堕落、中二病也要谈恋爱、干物妹小埋、龙女仆、邪神与厨二病少女、侵略！乌贼娘等主角是妖精（罗小黑），偶尔会去别的世界找其他非人角色玩，比如帕克、蜘蛛子、不死之类的。",
        "discount": "1",
        "discount_end_time": "",
        "is_original": "1",
        "is_paid": "0",
        "last_chapter_info": {
          "book_id": "100245800",
          "chapter_id": "107306257",
          "chapter_index": "36",
          "chapter_title": "第二十六章 断网行动",
          "mtime": "2021-06-27 10:20:15",
          "recommend_book_info": "[]",
          "uptime": "2021-06-27 10:20:15"
        },
        "month_click": "2477718",
        "month_fans_value": "8364",
        "month_favor": "21901",
        "month_no_vip_click": "1694439",
        "month_recommend": "4204",
        "newtime": "2021-06-18 15:55:20",
        "review_amount": "65",
        "reward_amount": "3564",
        "tag": "非人,综漫,龙女仆,爆笑",
        "tag_list": [
          {
            "tag_id": "890585",
            "tag_name": "非人",
            "tag_type": "1"
          },
          {
            "tag_id": "890586",
            "tag_name": "猫",
            "tag_type": "3"
          },
          {
            "tag_id": "890584",
            "tag_name": "综漫",
            "tag_type": "1"
          },
          {
            "tag_id": "915105",
            "tag_name": "龙女仆",
            "tag_type": "2"
          },
          {
            "tag_id": "924544",
            "tag_name": "爆笑",
            "tag_type": "1"
          }
        ],
        "total_blade": "48",
        "total_click": "2477718",
        "total_fans_value": "8364",
        "total_favor": "21901",
        "total_recommend": "4204",
        "total_word_count": "79513",
        "total_yp": "174",
        "up_status": "0",
        "update_status": "1",
        "uptime": "2021-06-27 10:20:15",
        "week_click": "2311773",
        "week_fans_value": "3288",
        "week_favor": "20303",
        "week_no_vip_click": "1583145",
        "week_recommend": "3751"
      },
      {
        "author_name": "林登万233",
        "book_id": "100250050",
        "book_name": "遵命！陛下",
        "book_src": "本站首发",
        "category_index": "30",
        "chapter_amount": "78",
        "cover": "http://c1.kuangxiangit.com/uploads/allimg/c210601/01-06-21114929-77594.jpg",
        "current_blade": "700",
        "current_yp": "2721",
        "description": "1833年，柏林大学。林登万看着眼前的冷傲御姐。她拥有一头柔顺的金色长发，面容姣好，而且有容奶大。短裙与过膝靴的搭配相得益彰，那绝对领域实在惹人瞩目。她的姓名牌上写着：「安娜·冯·俾斯麦」她说：“当代的重大问题，不是演说和决议能够解决的，这些问题唯有铁和血才能解决。”本书又名《欢迎来到实力至上的19世纪欧洲》《关于我的宰相和皇后上演宫斗戏这件小事》《俾斯麦大小姐想让我服从？政客们的权利头脑战~》《我的青春治国物语果然有问题》《RE：从零开始的普鲁士生活》《某科学的条顿骑士团》《德意志战记》《掀起波兰》《绿罗狂喜》《今日汝髪》《全球收狗：大嘤帝国》《沙雕鹅国》",
        "discount": "1",
        "discount_end_time": "",
        "is_original": "1",
        "is_paid": "1",
        "last_chapter_info": {
          "book_id": "100250050",
          "chapter_id": "107307360",
          "chapter_index": "78",
          "chapter_title": "第七十四章 雅利安超人",
          "mtime": "2021-06-27 16:34:40",
          "recommend_book_info": "[]",
          "uptime": "2021-06-27 16:34:40"
        },
        "month_click": "7244037",
        "month_fans_value": "1301035",
        "month_favor": "42678",
        "month_no_vip_click": "3874938",
        "month_recommend": "49366",
        "newtime": "2021-06-07 16:14:27",
        "review_amount": "283",
        "reward_amount": "54212",
        "tag": "爆笑,种田,脑洞大开,魔性,后宫",
        "tag_list": [
          {
            "tag_id": "917448",
            "tag_name": "安娜在种地",
            "tag_type": "3"
          },
          {
            "tag_id": "908039",
            "tag_name": "爆笑",
            "tag_type": "1"
          },
          {
            "tag_id": "908041",
            "tag_name": "种田",
            "tag_type": "1"
          },
          {
            "tag_id": "908038",
            "tag_name": "脑洞大开",
            "tag_type": "1"
          },
          {
            "tag_id": "908037",
            "tag_name": "魔性",
            "tag_type": "1"
          },
          {
            "tag_id": "908040",
            "tag_name": "后宫",
            "tag_type": "1"
          }
        ],
        "total_blade": "700",
        "total_click": "7244037",
        "total_fans_value": "1301035",
        "total_favor": "42678",
        "total_recommend": "49366",
        "total_word_count": "194318",
        "total_yp": "2721",
        "up_status": "0",
        "update_status": "1",
        "uptime": "2021-06-27 16:34:40",
        "week_click": "3236154",
        "week_fans_value": "1228379",
        "week_favor": "10460",
        "week_no_vip_click": "1545507",
        "week_recommend": "21724"
      },
      {
        "author_name": "半杯酒",
        "book_id": "100250703",
        "book_name": "想被女帝踩不正常吗？",
        "book_src": "本站首发",
        "category_index": "30",
        "chapter_amount": "41",
        "cover": "http://c1.kuangxiangit.com/uploads/allimg/c210606/06-06-21100915-35648.jpg",
        "current_blade": "1057",
        "current_yp": "3697",
        "description": "“炼钢的事，做的很好，想要什么奖赏。”“如果可以的话，希望殿下……嗯……”明哲难为情的摸着下巴，半晌摇摇头道：“还是算了。”“但说无妨。”“不了不了，实在羞愧。”“金银府邸这等赏赐，尚不至于令人羞愧，既然如此难以启齿，难不成你想要几个……美妾？”听出话语结尾处的细微杀意，明哲抬起头，看向了主位上那个声名血腥的女子。一袭红裙，如火如血。“行吧，那我说了。”明哲拱了拱手，拿出了自己用挂刷出的一条黑丝。“请殿下将此物穿在腿上，然后……”“？”",
        "discount": "1",
        "discount_end_time": "",
        "is_original": "1",
        "is_paid": "1",
        "last_chapter_info": {
          "book_id": "100250703",
          "chapter_id": "107305185",
          "chapter_index": "41",
          "chapter_title": "第四十章 不是大忠，就是大奸",
          "mtime": "2021-06-27 00:38:41",
          "recommend_book_info": "[]",
          "uptime": "2021-06-27 00:38:41"
        },
        "month_click": "5086566",
        "month_fans_value": "822890",
        "month_favor": "37160",
        "month_no_vip_click": "2468064",
        "month_recommend": "52773",
        "newtime": "2021-06-09 15:24:15",
        "review_amount": "262",
        "reward_amount": "249476",
        "tag": "jaojao,不爱酒宝十年,只喜欢酒宝了,圣龙神陌上,在人群中,看见了秦明,邪王宠妃,酒宝妈妈爱你,酒宝放心飞！,陌loli,霸道女总裁",
        "tag_list": [
          {
            "tag_id": "911585",
            "tag_name": "酒宝妈妈爱你",
            "tag_type": "3"
          },
          {
            "tag_id": "910485",
            "tag_name": "邪王宠妃",
            "tag_type": "3"
          },
          {
            "tag_id": "914870",
            "tag_name": "酒宝放心飞！",
            "tag_type": "3"
          },
          {
            "tag_id": "912583",
            "tag_name": "只喜欢酒宝了",
            "tag_type": "3"
          },
          {
            "tag_id": "912568",
            "tag_name": "霸道女总裁",
            "tag_type": "3"
          },
          {
            "tag_id": "912348",
            "tag_name": "jaojao",
            "tag_type": "3"
          },
          {
            "tag_id": "912141",
            "tag_name": "圣龙神陌上",
            "tag_type": "3"
          },
          {
            "tag_id": "912146",
            "tag_name": "陌loli",
            "tag_type": "3"
          },
          {
            "tag_id": "912567",
            "tag_name": "不爱酒宝十年",
            "tag_type": "3"
          },
          {
            "tag_id": "912147",
            "tag_name": "在人群中",
            "tag_type": "3"
          },
          {
            "tag_id": "912148",
            "tag_name": "看见了秦明",
            "tag_type": "3"
          }
        ],
        "total_blade": "1057",
        "total_click": "5086566",
        "total_fans_value": "822890",
        "total_favor": "37160",
        "total_recommend": "52773",
        "total_word_count": "135205",
        "total_yp": "3697",
        "up_status": "0",
        "update_status": "1",
        "uptime": "2021-06-27 00:38:41",
        "week_click": "3071262",
        "week_fans_value": "701410",
        "week_favor": "18246",
        "week_no_vip_click": "1394127",
        "week_recommend": "27730"
      },
      {
        "author_name": "黑白角龙",
        "book_id": "100250086",
        "book_name": "我大概会因为精神错乱而死吧！",
        "book_src": "本站首发",
        "category_index": "8",
        "chapter_amount": "87",
        "cover": "http://c1.kuangxiangit.com/uploads/allimg/c210601/01-06-21162644-26967.jpg",
        "current_blade": "727",
        "current_yp": "2076",
        "description": "秦逸意外加入了一个聊天群，原本以为这个群里的人都很正经，结果却发现里面充满了各种生艹的事情。【宇宙之王奥尔加】：今天的群里还真是安静啊，大概是因为都有事去忙了吧，这很好，今天的我们也要不断地延伸道路！【在世界旅行的小说家】：谢邀，刚变成光，正在打大海螺。【魔法偶像梅莉酱】：有没有人知道要如何才能养得起一大堆阿尔托莉雅？不知为何我这里突然出现了一大堆阿尔托莉雅，现在大不列颠已经完全分裂了啊！一大堆阿尔托莉雅正在进行阿尔托莉雅战争啊！【最棒的吟游诗人】：秦逸，我已经看完了你发的原神剧情，突然觉得提瓦特好无聊，还是你的世界舒服，所以我就住你这里了，至于风神之位就让给你去当吧！...也许应该想个办法退群了，这个群貌似没什么正常人，再这样下去他恐怕就会因为精神错乱而死吧。（本书包含ooc、各种毒点，希望各位在观看前做好准备）。",
        "discount": "1",
        "discount_end_time": "",
        "is_original": "1",
        "is_paid": "1",
        "last_chapter_info": {
          "book_id": "100250086",
          "chapter_id": "107305958",
          "chapter_index": "87",
          "chapter_title": "第八十二章 昆钧",
          "mtime": "2021-06-27 08:45:27",
          "recommend_book_info": "[]",
          "uptime": "2021-06-27 08:45:27"
        },
        "month_click": "5537508",
        "month_fans_value": "709078",
        "month_favor": "25271",
        "month_no_vip_click": "2803926",
        "month_recommend": "23460",
        "newtime": "2021-06-10 17:19:33",
        "review_amount": "141",
        "reward_amount": "102972",
        "tag": "无限流,爆笑,穿越,冒险",
        "tag_list": [
          {
            "tag_id": "908152",
            "tag_name": "聊天群",
            "tag_type": "3"
          },
          {
            "tag_id": "913880",
            "tag_name": "无限流",
            "tag_type": "1"
          },
          {
            "tag_id": "913881",
            "tag_name": "爆笑",
            "tag_type": "1"
          },
          {
            "tag_id": "913879",
            "tag_name": "穿越",
            "tag_type": "1"
          },
          {
            "tag_id": "915420",
            "tag_name": "特摄",
            "tag_type": "3"
          },
          {
            "tag_id": "915612",
            "tag_name": "原神",
            "tag_type": "3"
          },
          {
            "tag_id": "913878",
            "tag_name": "冒险",
            "tag_type": "1"
          }
        ],
        "total_blade": "727",
        "total_click": "5537508",
        "total_fans_value": "709078",
        "total_favor": "25271",
        "total_recommend": "23460",
        "total_word_count": "184333",
        "total_yp": "2076",
        "up_status": "0",
        "update_status": "1",
        "uptime": "2021-06-27 08:45:27",
        "week_click": "2747016",
        "week_fans_value": "640810",
        "week_favor": "7605",
        "week_no_vip_click": "1270353",
        "week_recommend": "10426"
      },
      {
        "author_name": "失明无梅",
        "book_id": "100251640",
        "book_name": "霍格沃茨的次元学教授",
        "book_src": "本站首发",
        "category_index": "8",
        "chapter_amount": "53",
        "cover": "http://c1.kuangxiangit.com/uploads/allimg/c210610/10-06-21170634-33573.jpg",
        "current_blade": "88",
        "current_yp": "327",
        "description": "罗宾，来到哈利波特世界，和邓布利多同届，激活了DNF魔界人系统。转职成次元行者，一百年后（大概）……霍格沃茨新来了一位次元学教授。邓布利多：“可以放心养成救世主了！”伏地魔：“阿瓦达啃大瓜！……为什么你也死不了！！”哈利·波特：“他是霍格沃茨最好的教授！”罗宾：“说得好，格兰芬多加50分！”",
        "discount": "1",
        "discount_end_time": "",
        "is_original": "1",
        "is_paid": "0",
        "last_chapter_info": {
          "book_id": "100251640",
          "chapter_id": "107307460",
          "chapter_index": "53",
          "chapter_title": "第五十一章哈莉：我们太弱小了！（加更）",
          "mtime": "2021-06-27 17:03:23",
          "recommend_book_info": "[]",
          "uptime": "2021-06-27 17:03:23"
        },
        "month_click": "2576640",
        "month_fans_value": "14800",
        "month_favor": "17810",
        "month_no_vip_click": "1641744",
        "month_recommend": "6275",
        "newtime": "2021-06-16 13:49:20",
        "review_amount": "73",
        "reward_amount": "6000",
        "tag": "同人,无敌,校园",
        "tag_list": [
          {
            "tag_id": "915811",
            "tag_name": "肾虚公子",
            "tag_type": "3"
          },
          {
            "tag_id": "914378",
            "tag_name": "同人",
            "tag_type": "1"
          },
          {
            "tag_id": "914376",
            "tag_name": "无敌",
            "tag_type": "1"
          },
          {
            "tag_id": "914373",
            "tag_name": "校园",
            "tag_type": "1"
          },
          {
            "tag_id": "918186",
            "tag_name": "dnf",
            "tag_type": "3"
          },
          {
            "tag_id": "914377",
            "tag_name": "哈利波特",
            "tag_type": "3"
          }
        ],
        "total_blade": "88",
        "total_click": "2576640",
        "total_fans_value": "14800",
        "total_favor": "17810",
        "total_recommend": "6275",
        "total_word_count": "88698",
        "total_yp": "327",
        "up_status": "0",
        "update_status": "1",
        "uptime": "2021-06-27 17:03:23",
        "week_click": "1978080",
        "week_fans_value": "8200",
        "week_favor": "12638",
        "week_no_vip_click": "1257915",
        "week_recommend": "3209"
      },
      {
        "author_name": "墨客笔语",
        "book_id": "100250338",
        "book_name": "疯了吧！全球直播你躺平？",
        "book_src": "本站首发",
        "category_index": "27",
        "chapter_amount": "31",
        "cover": "http://c1.kuangxiangit.com/uploads/allimg/c210603/03-06-21153234-53041.jpg",
        "current_blade": "715",
        "current_yp": "2104",
        "description": "当苏远重生后，才发现自己一生的悲剧，都是被别人精心策划好的剧本，是一档全球直播在虚拟世界里的真人秀，『犯罪者的救赎』。他曾怀疑自己为何如此不幸。所有的努力都被否定，而接近他的红颜知己也都离去。答案很简单，因为真人秀的幕后策划，想让他在全球数十亿人面前，成为十恶不赦的败类。那些女主角都是真人扮演，来诱惑他堕落的演员。而这一次......苏远还是当年那个十八岁，身体健康的少年。拼搏了一整辈子的他，这次面对被安排的坎坷命运，他笑了笑，决定彻底躺平。但他未曾想到。那些他为了满足自己的无心之举，悠然而肆意的生活方式，却像是转动的齿轮般。轻缓却惊艳的将外面，那娱乐至死，既繁荣却又死寂的的世界.....注入了星星火苗。",
        "discount": "1",
        "discount_end_time": "",
        "is_original": "1",
        "is_paid": "0",
        "last_chapter_info": {
          "book_id": "100250338",
          "chapter_id": "107305802",
          "chapter_index": "31",
          "chapter_title": "第31章 第二名嘉宾揭幕而至",
          "mtime": "2021-06-27 06:41:07",
          "recommend_book_info": "[]",
          "uptime": "2021-06-27 06:33:30"
        },
        "month_click": "6508221",
        "month_fans_value": "108888",
        "month_favor": "42945",
        "month_no_vip_click": "3658674",
        "month_recommend": "30660",
        "newtime": "2021-06-15 10:36:09",
        "review_amount": "430",
        "reward_amount": "37388",
        "tag": "重生,纯爱,青春",
        "tag_list": [
          {
            "tag_id": "920814",
            "tag_name": "gkd",
            "tag_type": "3"
          },
          {
            "tag_id": "922972",
            "tag_name": "作者快更新",
            "tag_type": "3"
          },
          {
            "tag_id": "922905",
            "tag_name": "盗火者",
            "tag_type": "3"
          },
          {
            "tag_id": "915531",
            "tag_name": "楚门",
            "tag_type": "3"
          },
          {
            "tag_id": "909123",
            "tag_name": "重生",
            "tag_type": "1"
          },
          {
            "tag_id": "909124",
            "tag_name": "纯爱",
            "tag_type": "1"
          },
          {
            "tag_id": "909125",
            "tag_name": "青春",
            "tag_type": "1"
          }
        ],
        "total_blade": "715",
        "total_click": "6508221",
        "total_fans_value": "108888",
        "total_favor": "42945",
        "total_recommend": "30660",
        "total_word_count": "76236",
        "total_yp": "2104",
        "up_status": "0",
        "update_status": "1",
        "uptime": "2021-06-27 06:33:30",
        "week_click": "2155020",
        "week_fans_value": "39860",
        "week_favor": "9302",
        "week_no_vip_click": "1153896",
        "week_recommend": "9796"
      },
      {
        "author_name": "阡陌红尘",
        "book_id": "100249854",
        "book_name": "辉夜大小姐想让我入赘",
        "book_src": "本站首发",
        "category_index": "6",
        "chapter_amount": "54",
        "cover": "http://c1.kuangxiangit.com/uploads/allimg/c210531/31-05-21085024-94140.jpg",
        "current_blade": "161",
        "current_yp": "390",
        "description": "表面平和的都市里，刚刚斩杀了一只凶妖的安哲身心疲惫的看着眼前的黑发少女：“辉夜大小姐，我真的很累了，有什么事明天再说吧。”四宫辉夜的脑海中，回荡着女仆兼姐妹的早坂爱那面无表情的郑重提醒：【大小姐，这里要提醒你，根据我的调查，喜欢安哲的人有很多；比如人气作家霞之丘诗羽、大明星樱岛麻衣、世界知名画家椎名真白，另外还有许多优秀美丽的女孩，你一定得主动出击才行】想到这里，四宫辉夜只得暂时放下了她的高傲，有些紧张的说道：“累、累了吗？我家还挺大的，很适合休息，要要要、要不去我家坐一坐？”安哲：“……你为什么一定要喜欢我？辉夜，你能不能有点出息。”四宫辉夜：“……？？”",
        "discount": "1",
        "discount_end_time": "",
        "is_original": "1",
        "is_paid": "0",
        "last_chapter_info": {
          "book_id": "100249854",
          "chapter_id": "107308014",
          "chapter_index": "54",
          "chapter_title": "第54章  这人也太现实了",
          "mtime": "2021-06-27 20:11:59",
          "recommend_book_info": "[]",
          "uptime": "2021-06-27 19:58:41"
        },
        "month_click": "3327996",
        "month_fans_value": "23628",
        "month_favor": "25034",
        "month_no_vip_click": "1970532",
        "month_recommend": "10651",
        "newtime": "2021-06-08 17:42:55",
        "review_amount": "97",
        "reward_amount": "7528",
        "tag": "综漫,都市,后宫",
        "tag_list": [
          {
            "tag_id": "923562",
            "tag_name": "安哲的嘴",
            "tag_type": "3"
          },
          {
            "tag_id": "907262",
            "tag_name": "综漫",
            "tag_type": "1"
          },
          {
            "tag_id": "907264",
            "tag_name": "都市",
            "tag_type": "1"
          },
          {
            "tag_id": "907263",
            "tag_name": "后宫",
            "tag_type": "1"
          }
        ],
        "total_blade": "161",
        "total_click": "3331035",
        "total_fans_value": "23628",
        "total_favor": "25142",
        "total_recommend": "10672",
        "total_word_count": "114220",
        "total_yp": "393",
        "up_status": "0",
        "update_status": "1",
        "uptime": "2021-06-27 19:58:41",
        "week_click": "1823325",
        "week_fans_value": "13940",
        "week_favor": "12553",
        "week_no_vip_click": "1071348",
        "week_recommend": "6292"
      }
    ]
  },
  "scroll_chests": []
}
