[
  {
    "$Tag": {
      "ID": "",
      "Name": "综漫",
      "Type": "1"
    }
  },
  {
    "$Tag": {
      "ID": "",
      "Name": "fate",
      "Type": "2"
    }
  },
  {
    "$Tag": {
      "ID": "",
      "Name": "型月",
      "Type": "2"
    }
  },
  {
    "$Tag": {
      "ID": "",
      "Name": "无敌",
      "Type": "1"
    }
  },
  {
    "$Tag": {
      "ID": "",
      "Name": "性转",
      "Type": "1"
    }
  },
  {
    "$Tag": {
      "ID": "",
      "Name": "后宫",
      "Type": "1"
    }
  },
  {
    "$Tag": {
      "ID": "",
      "Name": "娘化",
      "Type": "1"
    }
  },
  {
    "$Tag": {
      "ID": "",
      "Name": "无限流",
      "Type": "1"
    }
  },
  {
    "$Tag": {
      "ID": "",
      "Name": "嫁人",
      "Type": "1"
    }
  },
  {
    "$Tag": {
      "ID": "",
      "Name": "爽文",
      "Type": "1"
    }
  },
  {
    "$Tag": {
      "ID": "",
      "Name": "同人",
      "Type": "1"
    }
  },
  {
    "$Tag": {
      "ID": "",
      "Name": "舰娘",
      "Type": "2"
    }
  },
  {
    "$Tag": {
      "ID": "",
      "Name": "穿越",
      "Type": "1"
    }
  },
  {
    "$Tag": {
      "ID": "",
      "Name": "奥特曼",
      "Type": "2"
    }
  },
  {
    "$Tag": {
      "ID": "",
      "Name": "病娇",
      "Type": "1"
    }
  },
  {
    "$Tag": {
      "ID": "",
      "Name": "修罗场",
      "Type": "1"
    }
  },
  {
    "$Tag": {
      "ID": "",
      "Name": "伪娘",
      "Type": "1"
    }
  },
  {
    "$Tag": {
      "ID": "",
      "Name": "非人",
      "Type": "1"
    }
  },
  {
    "$Tag": {
      "ID": "",
      "Name": "俺春物",
      "Type": "2"
    }
  },
  {
    "$Tag": {
      "ID": "",
      "Name": "路人女主",
      "Type": "2"
    }
  },
  {
    "$Tag": {
      "ID": "",
      "Name": "幻想乡",
      "Type": "2"
    }
  },
  {
    "$Tag": {
      "ID": "",
      "Name": "约会大作战",
      "Type": "2"
    }
  },
  {
    "$Tag": {
      "ID": "",
      "Name": "战斗",
      "Type": "1"
    }
  },
  {
    "$Tag": {
      "ID": "",
      "Name": "火影",
      "Type": "2"
    }
  },
  {
    "$Tag": {
      "ID": "",
      "Name": "黑化",
      "Type": "1"
    }
  },
  {
    "$Tag": {
      "ID": "",
      "Name": "种田",
      "Type": "1"
    }
  },
  {
    "$Tag": {
      "ID": "",
      "Name": "克苏鲁",
      "Type": "1"
    }
  },
  {
    "$Tag": {
      "ID": "",
      "Name": "恋爱",
      "Type": "1"
    }
  },
  {
    "$Tag": {
      "ID": "",
      "Name": "轻小说",
      "Type": "1"
    }
  },
  {
    "$Tag": {
      "ID": "",
      "Name": "萝莉",
      "Type": "1"
    }
  },
  {
    "$Tag": {
      "ID": "",
      "Name": "魔禁",
      "Type": "2"
    }
  },
  {
    "$Tag": {
      "ID": "",
      "Name": "脑洞大开",
      "Type": "1"
    }
  },
  {
    "$Tag": {
      "ID": "",
      "Name": "ACG",
      "Type": "1"
    }
  },
  {
    "$Tag": {
      "ID": "",
      "Name": "校园",
      "Type": "1"
    }
  },
  {
    "$Tag": {
      "ID": "",
      "Name": "龙族",
      "Type": "1"
    }
  },
  {
    "$Tag": {
      "ID": "",
      "Name": "重生",
      "Type": "1"
    }
  },
  {
    "$Tag": {
      "ID": "",
      "Name": "科幻",
      "Type": "1"
    }
  },
  {
    "$Tag": {
      "ID": "",
      "Name": "养成",
      "Type": "1"
    }
  },
  {
    "$Tag": {
      "ID": "",
      "Name": "升级",
      "Type": "1"
    }
  },
  {
    "$Tag": {
      "ID": "",
      "Name": "异世",
      "Type": "1"
    }
  },
  {
    "$Tag": {
      "ID": "",
      "Name": "魔法",
      "Type": "1"
    }
  },
  {
    "$Tag": {
      "ID": "",
      "Name": "技术流",
      "Type": "1"
    }
  },
  {
    "$Tag": {
      "ID": "",
      "Name": "爆笑",
      "Type": "1"
    }
  },
  {
    "$Tag": {
      "ID": "",
      "Name": "青春",
      "Type": "1"
    }
  },
  {
    "$Tag": {
      "ID": "",
      "Name": "节操",
      "Type": "1"
    }
  },
  {
    "$Tag": {
      "ID": "",
      "Name": "机甲",
      "Type": "1"
    }
  },
  {
    "$Tag": {
      "ID": "",
      "Name": "网游",
      "Type": "1"
    }
  },
  {
    "$Tag": {
      "ID": "",
      "Name": "绅士",
      "Type": "1"
    }
  },
  {
    "$Tag": {
      "ID": "",
      "Name": "海贼王",
      "Type": "2"
    }
  },
  {
    "$Tag": {
      "ID": "",
      "Name": "热血",
      "Type": "1"
    }
  },
  {
    "$Tag": {
      "ID": "",
      "Name": "白学",
      "Type": "1"
    }
  },
  {
    "$Tag": {
      "ID": "",
      "Name": "纯爱",
      "Type": "1"
    }
  },
  {
    "$Tag": {
      "ID": "",
      "Name": "冒险",
      "Type": "1"
    }
  },
  {
    "$Tag": {
      "ID": "",
      "Name": "治愈",
      "Type": "1"
    }
  },
  {
    "$Tag": {
      "ID": "",
      "Name": "生活",
      "Type": "1"
    }
  },
  {
    "$Tag": {
      "ID": "",
      "Name": "末世",
      "Type": "1"
    }
  },
  {
    "$Tag": {
      "ID": "",
      "Name": "一拳超人",
      "Type": "2"
    }
  },
  {
    "$Tag": {
      "ID": "",
      "Name": "妖怪",
      "Type": "1"
    }
  },
  {
    "$Tag": {
      "ID": "",
      "Name": "慢热",
      "Type": "1"
    }
  },
  {
    "$Tag": {
      "ID": "",
      "Name": "废萌",
      "Type": "1"
    }
  },
  {
    "$Tag": {
      "ID": "",
      "Name": "卡牌",
      "Type": "1"
    }
  },
  {
    "$Tag": {
      "ID": "",
      "Name": "扮猪吃虎",
      "Type": "1"
    }
  },
  {
    "$Tag": {
      "ID": "",
      "Name": "RE0",
      "Type": "2"
    }
  },
  {
    "$Tag": {
      "ID": "",
      "Name": "樱花庄",
      "Type": "2"
    }
  },
  {
    "$Tag": {
      "ID": "",
      "Name": "都市",
      "Type": "1"
    }
  },
  {
    "$Tag": {
      "ID": "",
      "Name": "玄幻",
      "Type": "1"
    }
  },
  {
    "$Tag": {
      "ID": "",
      "Name": "吸血鬼",
      "Type": "1"
    }
  },
  {
    "$Tag": {
      "ID": "",
      "Name": "2020年度最佳",
      "Type": "5"
    }
  },
  {
    "$Tag": {
      "ID": "",
      "Name": "腹黑",
      "Type": "1"
    }
  },
  {
    "$Tag": {
      "ID": "",
      "Name": "白色相簿",
      "Type": "2"
    }
  },
  {
    "$Tag": {
      "ID": "",
      "Name": "丧尸",
      "Type": "1"
    }
  },
  {
    "$Tag": {
      "ID": "",
      "Name": "EVA",
      "Type": "2"
    }
  },
  {
    "$Tag": {
      "ID": "",
      "Name": "龙女仆",
      "Type": "2"
    }
  },
  {
    "$Tag": {
      "ID": "",
      "Name": "救亡",
      "Type": "1"
    }
  },
  {
    "$Tag": {
      "ID": "",
      "Name": "魔兽",
      "Type": "2"
    }
  },
  {
    "$Tag": {
      "ID": "",
      "Name": "推理",
      "Type": "1"
    }
  },
  {
    "$Tag": {
      "ID": "",
      "Name": "生化",
      "Type": "1"
    }
  },
  {
    "$Tag": {
      "ID": "",
      "Name": "幽灵",
      "Type": "1"
    }
  },
  {
    "$Tag": {
      "ID": "",
      "Name": "魔性",
      "Type": "1"
    }
  },
  {
    "$Tag": {
      "ID": "",
      "Name": "英雄无敌",
      "Type": "2"
    }
  },
  {
    "$Tag": {
      "ID": "",
      "Name": "社团",
      "Type": "1"
    }
  },
  {
    "$Tag": {
      "ID": "",
      "Name": "废柴流",
      "Type": "1"
    }
  },
  {
    "$Tag": {
      "ID": "",
      "Name": "宅斗",
      "Type": "1"
    }
  }
]
