[
  {
    "$Book": {
      "Author": "扶桑",
      "BladeCount": 809,
      "BookmarkCount": 41239,
      "Category": {
        "$Category": "5"
      },
      "ChapterCount": 33,
      "ClickCount": 4793223,
      "CoverURL": "http://c1.kuangxiangit.com/uploads/allimg/c210707/07-07-21163832-78028.jpg",
      "Created": {
        "$Time": "2021-06-29 17:34:22 +0008 UTC+8"
      },
      "Description": "夏九溟一觉醒来，发现自己重生成了上古神话世界中的东海。海中有龙、有鲛人、以及各种奇异生灵。这回不当人了，总算不用卷了吧？终于可以心安理得的躺平了……他只想做一个风平浪静的海，安安稳稳的与天地同寿，静静地看世间百态。但为什么麻烦总是接踵而至？葬身东海，化身精卫，立志填海的炎帝之女女娃。所过之地，赤地千里，想在海中寻找安身之地的黄帝之女女魃。旦为朝云、暮为行雨的神女瑶姬。还有自洛河而来，却留在东海不愿再回去的伏羲之女洛神。……“等等，我虽然是海，但我没想当海王啊？”PS：非人流上古神话，架空背景，部分神话有改编，请勿较真。",
      "FanValue": 289640,
      "ID": "100255300",
      "LastChapter": {
        "$Chapter": {
          "BookID": "100255300",
          "Created": {
            "$Time": "2021-07-10 10:36:40 +0008 UTC+8"
          },
          "ID": "107367617",
          "Index": 0,
          "Title": "第030章：聪明的精卫！",
          "Updated": {
            "$Time": "2021-07-10 19:49:04 +0008 UTC+8"
          }
        }
      },
      "MonthBookmarkCount": 41063,
      "MonthClickCount": 4784625,
      "MonthFanValue": 289640,
      "MonthNoVIPClickCount": 3152421,
      "MonthRecommendCount": 24853,
      "MonthlyTicketCount": 2090,
      "RecommendCount": 24930,
      "ReviewCount": 131,
      "RewardCount": 208740,
      "Tags": [
        {
          "$Tag": {
            "ID": "936023",
            "Name": "海豹",
            "Type": "3"
          }
        },
        {
          "$Tag": {
            "ID": "928407",
            "Name": "非人",
            "Type": "1"
          }
        },
        {
          "$Tag": {
            "ID": "928410",
            "Name": "上古神话",
            "Type": "3"
          }
        },
        {
          "$Tag": {
            "ID": "928408",
            "Name": "无敌",
            "Type": "1"
          }
        },
        {
          "$Tag": {
            "ID": "937605",
            "Name": "☁🌊☁",
            "Type": "3"
          }
        },
        {
          "$Tag": {
            "ID": "937307",
            "Name": "海豹窝",
            "Type": "3"
          }
        },
        {
          "$Tag": {
            "ID": "937591",
            "Name": "大海",
            "Type": "3"
          }
        },
        {
          "$Tag": {
            "ID": "938533",
            "Name": "北冰洋",
            "Type": "3"
          }
        },
        {
          "$Tag": {
            "ID": "938532",
            "Name": "南极洲",
            "Type": "3"
          }
        }
      ],
      "Title": "我穿越成了一片海",
      "TotalBladeCount": 809,
      "TotalMonthlyTicketCount": 2098,
      "UpdateStatus": {
        "$UpdateStatus": "0"
      },
      "Updated": {
        "$Time": "2021-07-10 10:36:40 +0008 UTC+8"
      },
      "WeekBookmarkCount": 40648,
      "WeekClickCount": 4749540,
      "WeekFanValue": 286740,
      "WeekNoVIPClickCount": 3136917,
      "WeekRecommendCount": 24615,
      "WordCount": 69069
    }
  },
  {
    "$Book": {
      "Author": "原酿",
      "BladeCount": 93,
      "BookmarkCount": 31117,
      "Category": {
        "$Category": "6"
      },
      "ChapterCount": 41,
      "ClickCount": 3076212,
      "CoverURL": "http://c1.kuangxiangit.com/uploads/allimg/c210527/27-05-21165729-98867.jpg",
      "Created": {
        "$Time": "2021-06-23 15:26:32 +0008 UTC+8"
      },
      "Description": "喰种，最顶级的捕食者。它们有着超人般的身体素质，宛如合金锻造的钢铁皮肤，伸缩自如的捕食器官赫子。以及，与人类别无二致的外貌伪装。来自另一个世界的灵魂，悄然降生到金木研身上，取而代之。面对处处藏着危机的东京，似乎只能艰难苟活？不，他有修改器！",
      "FanValue": 181316,
      "ID": "100249254",
      "LastChapter": {
        "$Chapter": {
          "BookID": "100249254",
          "Created": {
            "$Time": "2021-07-10 03:21:45 +0008 UTC+8"
          },
          "ID": "107366768",
          "Index": 0,
          "Title": "040：被蛇鳞覆盖的右手",
          "Updated": {
            "$Time": "2021-07-10 13:29:22 +0008 UTC+8"
          }
        }
      },
      "MonthBookmarkCount": 30483,
      "MonthClickCount": 2974155,
      "MonthFanValue": 177364,
      "MonthNoVIPClickCount": 1903005,
      "MonthRecommendCount": 7877,
      "MonthlyTicketCount": 380,
      "RecommendCount": 8898,
      "ReviewCount": 142,
      "RewardCount": 170416,
      "Tags": [
        {
          "$Tag": {
            "ID": "934672",
            "Name": "一定要完本。",
            "Type": "3"
          }
        },
        {
          "$Tag": {
            "ID": "904762",
            "Name": "东京",
            "Type": "3"
          }
        },
        {
          "$Tag": {
            "ID": "904760",
            "Name": "升级",
            "Type": "1"
          }
        },
        {
          "$Tag": {
            "ID": "934352",
            "Name": "东京食尸鬼",
            "Type": "3"
          }
        },
        {
          "$Tag": {
            "ID": "934351",
            "Name": "东京喰种",
            "Type": "3"
          }
        },
        {
          "$Tag": {
            "ID": "904761",
            "Name": "无限流",
            "Type": "1"
          }
        }
      ],
      "Title": "金木研的剑道修改器",
      "TotalBladeCount": 109,
      "TotalMonthlyTicketCount": 432,
      "UpdateStatus": {
        "$UpdateStatus": "0"
      },
      "Updated": {
        "$Time": "2021-07-10 03:21:45 +0008 UTC+8"
      },
      "WeekBookmarkCount": 30375,
      "WeekClickCount": 2950992,
      "WeekFanValue": 175664,
      "WeekNoVIPClickCount": 1890597,
      "WeekRecommendCount": 7716,
      "WordCount": 82235
    }
  },
  {
    "$Book": {
      "Author": "平平无奇咕咕陈",
      "BladeCount": 118,
      "BookmarkCount": 21006,
      "Category": {
        "$Category": "3"
      },
      "ChapterCount": 37,
      "ClickCount": 2855106,
      "CoverURL": "http://c1.kuangxiangit.com/uploads/allimg/c210629/29-06-21171925-38761-100255275.jpg",
      "Created": {
        "$Time": "2021-07-01 10:21:07 +0008 UTC+8"
      },
      "Description": "许多年后，面对众臣的朝拜，罗南回想起他穿越到女尊世界成为男魅魔的那个遥远的下午。……PS：简介苦手，类巫师西幻世界观。包含冒险、修罗场、种田等元素。管你看没看懂，先看几章不就完了！（注入灵魂）",
      "FanValue": 176352,
      "ID": "100255275",
      "LastChapter": {
        "$Chapter": {
          "BookID": "100255275",
          "Created": {
            "$Time": "2021-07-10 17:50:02 +0008 UTC+8"
          },
          "ID": "107361575",
          "Index": 0,
          "Title": "033 你知道这五年我怎么过的吗？",
          "Updated": {
            "$Time": "2021-07-10 20:54:56 +0008 UTC+8"
          }
        }
      },
      "MonthBookmarkCount": 20803,
      "MonthClickCount": 2846049,
      "MonthFanValue": 174752,
      "MonthNoVIPClickCount": 1574082,
      "MonthRecommendCount": 4889,
      "MonthlyTicketCount": 297,
      "RecommendCount": 5048,
      "ReviewCount": 49,
      "RewardCount": 163652,
      "Tags": [
        {
          "$Tag": {
            "ID": "928302",
            "Name": "修罗场",
            "Type": "1"
          }
        },
        {
          "$Tag": {
            "ID": "936467",
            "Name": "人形媚药",
            "Type": "3"
          }
        },
        {
          "$Tag": {
            "ID": "935409",
            "Name": "爽文",
            "Type": "1"
          }
        }
      ],
      "Title": "勇者，不可以！",
      "TotalBladeCount": 127,
      "TotalMonthlyTicketCount": 305,
      "UpdateStatus": {
        "$UpdateStatus": "0"
      },
      "Updated": {
        "$Time": "2021-07-10 17:50:02 +0008 UTC+8"
      },
      "WeekBookmarkCount": 19870,
      "WeekClickCount": 2743596,
      "WeekFanValue": 171452,
      "WeekNoVIPClickCount": 1513992,
      "WeekRecommendCount": 4491,
      "WordCount": 69951
    }
  },
  {
    "$Book": {
      "Author": "了了一三",
      "BladeCount": 372,
      "BookmarkCount": 28580,
      "Category": {
        "$Category": "6"
      },
      "ChapterCount": 46,
      "ClickCount": 3635109,
      "CoverURL": "http://c1.kuangxiangit.com/uploads/allimg/c210622/22-06-21180214-17891.jpg",
      "Created": {
        "$Time": "2021-06-28 17:41:35 +0008 UTC+8"
      },
      "Description": "白铭捡到了一部手机朋友圈里全都是二次元人物，只要点赞就能获得她们的能力！蜘蛛子：今天的午餐（青蛙照片jpg.）点赞！获得吐丝能力！摩根：这孩子总有一天会加冕为王！点赞！获得魔具做成！刻晴：帝君限量手办好好康~点赞！获得云来剑法！凯尔希：阿米娅长高了一点（晒娃）。点赞：获得Mon3tr！为了提升实力白洺化身点赞狂魔，并且每一次都会在下面留下评论。久而久之，他收到的回复突然奇怪了起来···摩根：你能接受一个有孩子的女人吗？顺便统治一个国家。蜘蛛子：你喜欢魔物娘吗？凯尔希：你想养一只像猞猁的猫吗？？我只馋你们的能力不馋你们**啊！",
      "FanValue": 54776,
      "ID": "100254138",
      "LastChapter": {
        "$Chapter": {
          "BookID": "100254138",
          "Created": {
            "$Time": "2021-07-10 15:00:28 +0008 UTC+8"
          },
          "ID": "107368402",
          "Index": 0,
          "Title": "第45章 混乱的误会",
          "Updated": {
            "$Time": "2021-07-10 15:00:28 +0008 UTC+8"
          }
        }
      },
      "MonthBookmarkCount": 25169,
      "MonthClickCount": 3369534,
      "MonthFanValue": 51776,
      "MonthNoVIPClickCount": 1981074,
      "MonthRecommendCount": 10607,
      "MonthlyTicketCount": 609,
      "RecommendCount": 11220,
      "ReviewCount": 82,
      "RewardCount": 15076,
      "Tags": [
        {
          "$Tag": {
            "ID": "932222",
            "Name": "脑洞大开",
            "Type": "1"
          }
        },
        {
          "$Tag": {
            "ID": "932223",
            "Name": "升级",
            "Type": "1"
          }
        },
        {
          "$Tag": {
            "ID": "932225",
            "Name": "恋爱",
            "Type": "1"
          }
        },
        {
          "$Tag": {
            "ID": "932221",
            "Name": "综漫",
            "Type": "1"
          }
        },
        {
          "$Tag": {
            "ID": "932226",
            "Name": "都市",
            "Type": "1"
          }
        },
        {
          "$Tag": {
            "ID": "932224",
            "Name": "fate",
            "Type": "2"
          }
        }
      ],
      "Title": "我的二次元朋友圈有点不对劲",
      "TotalBladeCount": 397,
      "TotalMonthlyTicketCount": 650,
      "UpdateStatus": {
        "$UpdateStatus": "0"
      },
      "Updated": {
        "$Time": "2021-07-10 15:00:28 +0008 UTC+8"
      },
      "WeekBookmarkCount": 18410,
      "WeekClickCount": 2629764,
      "WeekFanValue": 48288,
      "WeekNoVIPClickCount": 1534749,
      "WeekRecommendCount": 9467,
      "WordCount": 100986
    }
  },
  {
    "$Book": {
      "Author": "鸽子不熟",
      "BladeCount": 335,
      "BookmarkCount": 44326,
      "Category": {
        "$Category": "6"
      },
      "ChapterCount": 83,
      "ClickCount": 14329758,
      "CoverURL": "http://c1.kuangxiangit.com/uploads/allimg/c210609/09-06-21094715-63823.jpg",
      "Created": {
        "$Time": "2021-06-17 17:56:43 +0008 UTC+8"
      },
      "Description": "“初号机？”“机械哥斯拉？”“无限龙兽？”有哪个男人会不喜欢高八十米的紫色巨大决战兵器呢？无论是组装，装配，改装，战斗，都该全力以赴。这是一个开着初号机的男人寻找自我价值的故事。",
      "FanValue": 3012780,
      "ID": "100251321",
      "LastChapter": {
        "$Chapter": {
          "BookID": "100251321",
          "Created": {
            "$Time": "2021-07-10 19:07:28 +0008 UTC+8"
          },
          "ID": "107369244",
          "Index": 0,
          "Title": "第八十二章 机械哥斯拉vs基多拉",
          "Updated": {
            "$Time": "2021-07-10 19:07:28 +0008 UTC+8"
          }
        }
      },
      "MonthBookmarkCount": 722,
      "MonthClickCount": 4563933,
      "MonthFanValue": 2635372,
      "MonthNoVIPClickCount": 780123,
      "MonthRecommendCount": 25488,
      "MonthlyTicketCount": 1338,
      "RecommendCount": 103784,
      "ReviewCount": 597,
      "RewardCount": 243676,
      "Tags": [
        {
          "$Tag": {
            "ID": "917987",
            "Name": "短",
            "Type": "3"
          }
        },
        {
          "$Tag": {
            "ID": "917848",
            "Name": "EVA",
            "Type": "3"
          }
        },
        {
          "$Tag": {
            "ID": "913123",
            "Name": "热血",
            "Type": "1"
          }
        },
        {
          "$Tag": {
            "ID": "917677",
            "Name": "似fl实则不",
            "Type": "3"
          }
        }
      ],
      "Title": "我在直播中建造了初号机？",
      "TotalBladeCount": 1934,
      "TotalMonthlyTicketCount": 8970,
      "UpdateStatus": {
        "$UpdateStatus": "0"
      },
      "Updated": {
        "$Time": "2021-07-10 19:07:28 +0008 UTC+8"
      },
      "WeekBookmarkCount": 558,
      "WeekClickCount": 2538375,
      "WeekFanValue": 1905544,
      "WeekNoVIPClickCount": 197907,
      "WeekRecommendCount": 13530,
      "WordCount": 169153
    }
  },
  {
    "$Book": {
      "Author": "D/W?",
      "BladeCount": 122,
      "BookmarkCount": 17540,
      "Category": {
        "$Category": "8"
      },
      "ChapterCount": 59,
      "ClickCount": 2993238,
      "CoverURL": "http://c1.kuangxiangit.com/uploads/allimg/c210523/23-05-21001653-7733-100247872.jpg",
      "Created": {
        "$Time": "2021-06-23 17:54:47 +0008 UTC+8"
      },
      "Description": "我穿越了，同时成为了世界三大职业之二的中国穿越者以及日本高中生但，这个学校好像有点不太对劲，隔三差五便会有性格亚撒西的高中生凭空消失另人费解但我想我知道原因——因为隔壁平职的原班人马已经在上周集体穿越了而我，离异世界生活只差一辆卡车——或者一场爆炸......邪神D，若叶姬色，超级无敌美少女，摸鱼公会会员，有一个大胸女仆，现在在进行JK游戏，随时可能会被拖回去工作，在未来的某一秒她就会送全班去异世界而她的同桌，也就是我，南梦涯——是无辜的......——绝对是无辜的啊！！！D你这个混蛋还老子青春日常啊！！！还我高中女JK啊！！！谁稀罕什么异世界啊！！！——不行哦，J",
      "FanValue": 15600,
      "ID": "100247872",
      "LastChapter": {
        "$Chapter": {
          "BookID": "100247872",
          "Created": {
            "$Time": "2021-07-10 16:57:16 +0008 UTC+8"
          },
          "ID": "107368762",
          "Index": 0,
          "Title": "第四十八页：第二阶段",
          "Updated": {
            "$Time": "2021-07-10 16:57:16 +0008 UTC+8"
          }
        }
      },
      "MonthBookmarkCount": 15361,
      "MonthClickCount": 2524419,
      "MonthFanValue": 13400,
      "MonthNoVIPClickCount": 1559445,
      "MonthRecommendCount": 4197,
      "MonthlyTicketCount": 284,
      "RecommendCount": 5796,
      "ReviewCount": 105,
      "RewardCount": 1800,
      "Tags": [
        {
          "$Tag": {
            "ID": "936248",
            "Name": "rnm的d",
            "Type": "3"
          }
        },
        {
          "$Tag": {
            "ID": "926338",
            "Name": "上头",
            "Type": "3"
          }
        },
        {
          "$Tag": {
            "ID": "901019",
            "Name": "蜘蛛子",
            "Type": "3"
          }
        }
      ],
      "Title": "人在艾尔罗，不是蜘蛛子，是邪神哒！",
      "TotalBladeCount": 138,
      "TotalMonthlyTicketCount": 345,
      "UpdateStatus": {
        "$UpdateStatus": "0"
      },
      "Updated": {
        "$Time": "2021-07-10 16:57:16 +0008 UTC+8"
      },
      "WeekBookmarkCount": 14832,
      "WeekClickCount": 2398086,
      "WeekFanValue": 12600,
      "WeekNoVIPClickCount": 1483863,
      "WeekRecommendCount": 3703,
      "WordCount": 115461
    }
  },
  {
    "$Book": {
      "Author": "林登万233",
      "BladeCount": 2646,
      "BookmarkCount": 52095,
      "Category": {
        "$Category": "30"
      },
      "ChapterCount": 104,
      "ClickCount": 11716494,
      "CoverURL": "http://c1.kuangxiangit.com/uploads/allimg/c210601/01-06-21114929-77594.jpg",
      "Created": {
        "$Time": "2021-06-07 16:14:27 +0008 UTC+8"
      },
      "Description": "1833年，柏林大学。林登万看着眼前的冷傲御姐。她拥有一头柔顺的金色长发，面容姣好，而且有容奶大。短裙与过膝靴的搭配相得益彰，那绝对领域实在惹人瞩目。她的姓名牌上写着：「安娜·冯·俾斯麦」她说：“当代的重大问题，不是演说和决议能够解决的，这些问题唯有铁和血才能解决。”本书又名《欢迎来到实力至上的19世纪欧洲》《关于我的宰相和皇后上演宫斗戏这件小事》《俾斯麦大小姐想让我服从？政客们的权利头脑战~》《我的青春治国物语果然有问题》《RE：从零开始的普鲁士生活》《某科学的条顿骑士团》《德意志战记》《掀起波兰》《绿罗狂喜》《今日汝髪》《全球收狗：大嘤帝国》《沙雕鹅国》",
      "FanValue": 6471079,
      "ID": "100250050",
      "LastChapter": {
        "$Chapter": {
          "BookID": "100250050",
          "Created": {
            "$Time": "2021-07-10 16:58:04 +0008 UTC+8"
          },
          "ID": "107368768",
          "Index": 0,
          "Title": "悬赏2.0",
          "Updated": {
            "$Time": "2021-07-10 16:58:04 +0008 UTC+8"
          }
        }
      },
      "MonthBookmarkCount": 8849,
      "MonthClickCount": 3752916,
      "MonthFanValue": 4345099,
      "MonthNoVIPClickCount": 761931,
      "MonthRecommendCount": 32074,
      "MonthlyTicketCount": 3438,
      "RecommendCount": 88271,
      "ReviewCount": 360,
      "RewardCount": 182596,
      "Tags": [
        {
          "$Tag": {
            "ID": "917448",
            "Name": "安娜在种地",
            "Type": "3"
          }
        },
        {
          "$Tag": {
            "ID": "908037",
            "Name": "魔性",
            "Type": "1"
          }
        },
        {
          "$Tag": {
            "ID": "908041",
            "Name": "种田",
            "Type": "1"
          }
        },
        {
          "$Tag": {
            "ID": "908039",
            "Name": "爆笑",
            "Type": "1"
          }
        },
        {
          "$Tag": {
            "ID": "908038",
            "Name": "脑洞大开",
            "Type": "1"
          }
        },
        {
          "$Tag": {
            "ID": "908040",
            "Name": "后宫",
            "Type": "1"
          }
        },
        {
          "$Tag": {
            "ID": "931806",
            "Name": "当国王真好",
            "Type": "3"
          }
        }
      ],
      "Title": "遵命！陛下",
      "TotalBladeCount": 3537,
      "TotalMonthlyTicketCount": 6956,
      "UpdateStatus": {
        "$UpdateStatus": "0"
      },
      "Updated": {
        "$Time": "2021-07-10 16:58:04 +0008 UTC+8"
      },
      "WeekBookmarkCount": 4272,
      "WeekClickCount": 2258661,
      "WeekFanValue": 2694436,
      "WeekNoVIPClickCount": 436305,
      "WeekRecommendCount": 18067,
      "WordCount": 283651
    }
  },
  {
    "$Book": {
      "Author": "缘凃",
      "BladeCount": 251,
      "BookmarkCount": 22719,
      "Category": {
        "$Category": "8"
      },
      "ChapterCount": 27,
      "ClickCount": 2266017,
      "CoverURL": "http://c1.kuangxiangit.com/uploads/allimg/c210701/01-07-21162533-45442.jpg",
      "Created": {
        "$Time": "0001-01-01 00:00:00 +0000 UTC"
      },
      "Description": "“圣女大人，诺亚殿下已经被您赶走十五年了。”“哦？那他知道错了吗？”“他女儿都已经十五岁了。”圣女：？？？",
      "FanValue": 193188,
      "ID": "100255871",
      "LastChapter": {
        "$Chapter": {
          "BookID": "100255871",
          "Created": {
            "$Time": "2021-07-10 17:46:00 +0008 UTC+8"
          },
          "ID": "107368962",
          "Index": 0,
          "Title": "第27章 魔女的气息",
          "Updated": {
            "$Time": "2021-07-10 17:46:24 +0008 UTC+8"
          }
        }
      },
      "MonthBookmarkCount": 22719,
      "MonthClickCount": 2266017,
      "MonthFanValue": 193188,
      "MonthNoVIPClickCount": 1399548,
      "MonthRecommendCount": 8670,
      "MonthlyTicketCount": 457,
      "RecommendCount": 8670,
      "ReviewCount": 45,
      "RewardCount": 168088,
      "Tags": [
        {
          "$Tag": {
            "ID": "930466",
            "Name": "恋爱",
            "Type": "1"
          }
        },
        {
          "$Tag": {
            "ID": "930469",
            "Name": "萝莉",
            "Type": "1"
          }
        },
        {
          "$Tag": {
            "ID": "930467",
            "Name": "慢热",
            "Type": "1"
          }
        },
        {
          "$Tag": {
            "ID": "930468",
            "Name": "战斗",
            "Type": "1"
          }
        },
        {
          "$Tag": {
            "ID": "930465",
            "Name": "冒险",
            "Type": "1"
          }
        }
      ],
      "Title": "魔女竟然都在我身边",
      "TotalBladeCount": 251,
      "TotalMonthlyTicketCount": 457,
      "UpdateStatus": {
        "$UpdateStatus": "0"
      },
      "Updated": {
        "$Time": "0001-01-01 00:00:00 +0000 UTC"
      },
      "WeekBookmarkCount": 22417,
      "WeekClickCount": 2247975,
      "WeekFanValue": 189700,
      "WeekNoVIPClickCount": 1392495,
      "WeekRecommendCount": 8365,
      "WordCount": 52910
    }
  },
  {
    "$Book": {
      "Author": "长夜灯火",
      "BladeCount": 2523,
      "BookmarkCount": 63807,
      "Category": {
        "$Category": "6"
      },
      "ChapterCount": 151,
      "ClickCount": 16988091,
      "CoverURL": "http://c1.kuangxiangit.com/uploads/allimg/c210528/28-05-21160430-82279.jpg",
      "Created": {
        "$Time": "2021-06-01 14:57:45 +0008 UTC+8"
      },
      "Description": "身为两仪家养子的两仪凑，本以为自己接下来的生活除了偶尔练练剑外，便是和自己的未婚妻两仪式平静安稳的度过余下的人生。却没想到这时，几条弹幕忽然出现在了他的眼前。【重温经典，梦开始的地方！】【不知道有没有删减呢。】【式姐老婆，我来了，prpr！】【笑死，上次舔式姐的叫做白纯里绪，已经变成一坨了。】【奇怪，这番的进度条怎么拖不动，而且这人是谁，空境里有这个角色吗？】【哇，是正太，awsl！】【可恶，居然有圣光！谁去踢了那该死的圣骑！】......正当两仪凑总算是搞明白这些东西到底是怎么回事时，弹幕却在不断的提醒他要注意一个叫做荒耶宗莲的男人。“为什么要解决那个男人？”【简而言之，不干掉那个男人的话，凑，你的老婆就没了！】两仪凑：∑(っ°Д°;)っ（简介苦手，请看正文）",
      "FanValue": 12310206,
      "ID": "100249390",
      "LastChapter": {
        "$Chapter": {
          "BookID": "100249390",
          "Created": {
            "$Time": "2021-07-10 13:30:01 +0008 UTC+8"
          },
          "ID": "107367959",
          "Index": 0,
          "Title": "开个悬赏2.0！",
          "Updated": {
            "$Time": "2021-07-10 13:30:01 +0008 UTC+8"
          }
        }
      },
      "MonthBookmarkCount": 4236,
      "MonthClickCount": 3890418,
      "MonthFanValue": 5545473,
      "MonthNoVIPClickCount": 334746,
      "MonthRecommendCount": 33955,
      "MonthlyTicketCount": 4698,
      "RecommendCount": 154101,
      "ReviewCount": 358,
      "RewardCount": 901480,
      "Tags": [
        {
          "$Tag": {
            "ID": "914593",
            "Name": "两仪式",
            "Type": "3"
          }
        },
        {
          "$Tag": {
            "ID": "906085",
            "Name": "发糖",
            "Type": "3"
          }
        },
        {
          "$Tag": {
            "ID": "905430",
            "Name": "型月",
            "Type": "2"
          }
        },
        {
          "$Tag": {
            "ID": "921116",
            "Name": "青子XP养成",
            "Type": "3"
          }
        },
        {
          "$Tag": {
            "ID": "905429",
            "Name": "fate",
            "Type": "2"
          }
        },
        {
          "$Tag": {
            "ID": "916064",
            "Name": "弹幕流",
            "Type": "3"
          }
        },
        {
          "$Tag": {
            "ID": "906083",
            "Name": "恋爱",
            "Type": "1"
          }
        },
        {
          "$Tag": {
            "ID": "906082",
            "Name": "养成",
            "Type": "1"
          }
        },
        {
          "$Tag": {
            "ID": "906084",
            "Name": "纯爱",
            "Type": "1"
          }
        },
        {
          "$Tag": {
            "ID": "938739",
            "Name": "飞机场作者",
            "Type": "3"
          }
        }
      ],
      "Title": "人在型月，未婚妻两仪式",
      "TotalBladeCount": 7648,
      "TotalMonthlyTicketCount": 15121,
      "UpdateStatus": {
        "$UpdateStatus": "0"
      },
      "Updated": {
        "$Time": "2021-07-10 13:30:01 +0008 UTC+8"
      },
      "WeekBookmarkCount": 0,
      "WeekClickCount": 2233353,
      "WeekFanValue": 3140311,
      "WeekNoVIPClickCount": 169791,
      "WeekRecommendCount": 23453,
      "WordCount": 347784
    }
  },
  {
    "$Book": {
      "Author": "哈士奇不是骑",
      "BladeCount": 113,
      "BookmarkCount": 16469,
      "Category": {
        "$Category": "27"
      },
      "ChapterCount": 63,
      "ClickCount": 2352261,
      "CoverURL": "http://c1.kuangxiangit.com/uploads/allimg/c210615/15-06-21144336-35427.jpg",
      "Created": {
        "$Time": "2021-06-16 15:49:15 +0008 UTC+8"
      },
      "Description": "穿越到了一个有趣的世界，这里有着和地球相似的文明，数个国家、各个板块，和地球类似，科技也是这里某个国家的发展主力，但是这里的人也有一些有趣的能力…不同国家，不同地区所依赖的力量并不一样。最为有趣的地方便是这里的人出生便是男孩，但是直到年龄大于十八岁之后便会变为女孩子…对于这些人来说，十八岁前的男孩子在拥有繁殖能力之后便会很抢手…而他发现除了自己之外的人在长大后似乎全都变成了女孩子...",
      "FanValue": 28552,
      "ID": "100242527",
      "LastChapter": {
        "$Chapter": {
          "BookID": "100242527",
          "Created": {
            "$Time": "2021-07-10 20:05:02 +0008 UTC+8"
          },
          "ID": "107369498",
          "Index": 0,
          "Title": "六十二章 奇怪的变化",
          "Updated": {
            "$Time": "2021-07-10 20:05:02 +0008 UTC+8"
          }
        }
      },
      "MonthBookmarkCount": 15168,
      "MonthClickCount": 2025456,
      "MonthFanValue": 24652,
      "MonthNoVIPClickCount": 1243734,
      "MonthRecommendCount": 4171,
      "MonthlyTicketCount": 258,
      "RecommendCount": 5153,
      "ReviewCount": 189,
      "RewardCount": 14352,
      "Tags": [
        {
          "$Tag": {
            "ID": "937464",
            "Name": "基友变嫁",
            "Type": "3"
          }
        },
        {
          "$Tag": {
            "ID": "877437",
            "Name": "脑洞大开",
            "Type": "1"
          }
        },
        {
          "$Tag": {
            "ID": "877436",
            "Name": "校园",
            "Type": "1"
          }
        },
        {
          "$Tag": {
            "ID": "877439",
            "Name": "恋爱",
            "Type": "1"
          }
        },
        {
          "$Tag": {
            "ID": "877440",
            "Name": "穿越",
            "Type": "1"
          }
        },
        {
          "$Tag": {
            "ID": "877435",
            "Name": "科幻",
            "Type": "1"
          }
        },
        {
          "$Tag": {
            "ID": "877438",
            "Name": "青春",
            "Type": "1"
          }
        },
        {
          "$Tag": {
            "ID": "902004",
            "Name": "性转",
            "Type": "3"
          }
        }
      ],
      "Title": "男儿十八，会变成花",
      "TotalBladeCount": 142,
      "TotalMonthlyTicketCount": 317,
      "UpdateStatus": {
        "$UpdateStatus": "0"
      },
      "Updated": {
        "$Time": "2021-07-10 20:05:02 +0008 UTC+8"
      },
      "WeekBookmarkCount": 14447,
      "WeekClickCount": 1928559,
      "WeekFanValue": 24052,
      "WeekNoVIPClickCount": 1188132,
      "WeekRecommendCount": 3881,
      "WordCount": 125033
    }
  }
]
