[
  {
    "$Book": {
      "BladeCount": 173,
      "BookmarkCount": 34679,
      "ClickCount": 3519963,
      "CoverURL": "http://c1.kuangxiangit.com/uploads/allimg/c210615/15-06-21123526-48191.jpg",
      "Description": "罗杰一觉醒来，穿越成了西幻RPG大作《永夜难明》，最终反派“永夜女皇”手下右相的弟弟。他自带躺平系统，只要一直混吃等死，当个废物弟弟，就能获得数不清的奖励。岂料永夜女皇不讲武德，靠着超强天赋偷听了他的内心。“青藤帝国千秋万代，女皇陛下自然是大陆永远的主人！”【别做梦了，你被诸神忌惮联手针对，十年后你人都没了！】“在下一介庸才，完全不知如何让十七国乱民归心啊！”【血妈文化水平不行啊，连“车同轨，书同文，行同伦”都不知道？】“左相玛格丽特大人当世人杰，我不敢妄议。”【她就一卧底，重用她真是怕自己死的不够快……】三天后，左相玛格丽特被废，永夜女皇下诏：“罗杰护国有功，封为左相！”“谢陛下……”【血妈你别搞我，我就只想躺平啊！】看着罗杰满心不情愿又只能答应，永夜女皇露出一个满足的笑容。口是心非什么的……最有趣了！",
      "FanValue": 33608,
      "ID": "100252649",
      "LastChapter": {
        "$Chapter": {
          "BookID": "100252649",
          "ID": "107307100",
          "Index": 39,
          "Modified": {
            "$Time": "2021-06-27 15:10:22 +0008 UTC+8"
          },
          "Title": "第39章 爆炸，爆炸，还特么的是爆炸！（第4更）",
          "Uploaded": {
            "$Time": "2021-06-27 15:10:22 +0008 UTC+8"
          }
        }
      },
      "MonthBookmarkCount": 34679,
      "MonthClickCount": 3519963,
      "MonthFanValue": 33608,
      "MonthNoVIPClickCount": 2512416,
      "MonthRecommendCount": 16262,
      "MonthlyTicketCount": 1072,
      "RecommendCount": 16262,
      "Tags": [
        {
          "$Tag": {
            "ID": "918347",
            "Name": "爆笑"
          }
        },
        {
          "$Tag": {
            "ID": "918349",
            "Name": "魔法"
          }
        },
        {
          "$Tag": {
            "ID": "918346",
            "Name": "异世"
          }
        },
        {
          "$Tag": {
            "ID": "918351",
            "Name": "网游"
          }
        },
        {
          "$Tag": {
            "ID": "918350",
            "Name": "躺平系统"
          }
        },
        {
          "$Tag": {
            "ID": "918348",
            "Name": "修罗场"
          }
        }
      ],
      "Title": "反派女皇偷听我内心还不让我躺平？",
      "WeekBookmarkCount": 33419,
      "WeekClickCount": 3390879,
      "WeekFanValue": 31708,
      "WeekNoVIPClickCount": 2438913,
      "WeekRecommendCount": 15737,
      "WordCount": 94852
    }
  },
  {
    "$Book": {
      "BladeCount": 125,
      "BookmarkCount": 38567,
      "ClickCount": 3953814,
      "CoverURL": "http://c1.kuangxiangit.com/uploads/allimg/c210613/13-06-21214020-68610.jpg",
      "Description": "牧知安穿越到了仙侠世界，成为了一名注定要被主角当作踏脚石的配角。本想和那些天选之子的主角交好，然而，牧知安回过头却发现，围绕在自己身边的妹子们，要么是主角的青梅竹马，要么是主角的未婚妻。最令人匪夷所思的是，那些本应该会喜欢主角的妹子们却都喜欢上了牧知安这个配角，看着身边一个个美若天仙的女孩们，牧知安产生了大胆的想法，决心干掉主角，翻身做主人。好不容易平了几位主角，得到大量资源，为了提升妹子们的实力，他将诸多资源分享给了身边的女孩们。本以为享受着诸多资源的自己未来定能证道成帝，羽化而登仙。直至某天，看着天空劫云滚滚，还有在雷劫中焕然新生的几位女帝，牧知安眼睛逐渐失去了神采，喃喃道：“我真傻，真的……我以为干掉那些天选之子以后我就是新世界的主角，会是未来的登仙期强者，可我没想到……原来她们才是主角。”",
      "FanValue": 176864,
      "ID": "100252338",
      "LastChapter": {
        "$Chapter": {
          "BookID": "100252338",
          "ID": "107307458",
          "Index": 29,
          "Modified": {
            "$Time": "2021-06-27 17:37:15 +0008 UTC+8"
          },
          "Title": "第29章 软饭硬吃（4K）",
          "Uploaded": {
            "$Time": "2021-06-27 17:03:06 +0008 UTC+8"
          }
        }
      },
      "MonthBookmarkCount": 38567,
      "MonthClickCount": 3953814,
      "MonthFanValue": 176864,
      "MonthNoVIPClickCount": 2255070,
      "MonthRecommendCount": 11122,
      "MonthlyTicketCount": 582,
      "RecommendCount": 11122,
      "Tags": [
        {
          "$Tag": {
            "ID": "917089",
            "Name": "后宫"
          }
        },
        {
          "$Tag": {
            "ID": "917092",
            "Name": "修罗场"
          }
        },
        {
          "$Tag": {
            "ID": "917090",
            "Name": "爽文"
          }
        },
        {
          "$Tag": {
            "ID": "917091",
            "Name": "扮猪吃虎"
          }
        }
      ],
      "Title": "原来，她们才是主角",
      "WeekBookmarkCount": 36204,
      "WeekClickCount": 3753141,
      "WeekFanValue": 173564,
      "WeekNoVIPClickCount": 2172519,
      "WeekRecommendCount": 10228,
      "WordCount": 81833
    }
  },
  {
    "$Book": {
      "BladeCount": 1491,
      "BookmarkCount": 41411,
      "ClickCount": 8356155,
      "CoverURL": "http://c1.kuangxiangit.com/uploads/allimg/c210609/09-06-21094715-63823.jpg",
      "Description": "“初号机？”“机械哥斯拉？”“无限龙兽？”有哪个男人会不喜欢高八十米的紫色巨大决战兵器呢？无论是组装，装配，改装，战斗，都该全力以赴。这是一个开着初号机的男人寻找自我价值的故事。",
      "FanValue": 365520,
      "ID": "100251321",
      "LastChapter": {
        "$Chapter": {
          "BookID": "100251321",
          "ID": "107307940",
          "Index": 48,
          "Modified": {
            "$Time": "2021-06-27 19:33:59 +0008 UTC+8"
          },
          "Title": "第四十七章 上帝有几个师啊",
          "Uploaded": {
            "$Time": "2021-06-27 19:33:59 +0008 UTC+8"
          }
        }
      },
      "MonthBookmarkCount": 41411,
      "MonthClickCount": 8356155,
      "MonthFanValue": 365520,
      "MonthNoVIPClickCount": 4418664,
      "MonthRecommendCount": 68902,
      "MonthlyTicketCount": 7004,
      "RecommendCount": 68902,
      "Tags": [
        {
          "$Tag": {
            "ID": "917987",
            "Name": "短"
          }
        },
        {
          "$Tag": {
            "ID": "917848",
            "Name": "EVA"
          }
        },
        {
          "$Tag": {
            "ID": "913123",
            "Name": "热血"
          }
        },
        {
          "$Tag": {
            "ID": "917677",
            "Name": "似fl实则不"
          }
        }
      ],
      "Title": "我在直播中建造了初号机？",
      "WeekBookmarkCount": 5334,
      "WeekClickCount": 3432090,
      "WeekFanValue": 53820,
      "WeekNoVIPClickCount": 1710966,
      "WeekRecommendCount": 39571,
      "WordCount": 95734
    }
  },
  {
    "$Book": {
      "BladeCount": 48,
      "BookmarkCount": 21901,
      "ClickCount": 2477718,
      "CoverURL": "http://c1.kuangxiangit.com/uploads/allimg/c210610/10-06-21181622-18274.jpg",
      "Description": "猫咪日常任务：【躲猫猫：在小鸟游十花家中躲藏1个小时以上。（目标在家中开始计时，离开停止计时。）】【拔网线：24小时内，让珈百璃最少断网5次。（需电脑处于游戏状态）】【绑架仓鼠：从土间埋房间中掳走仓鼠，并向其索要赎金。（赎金越多奖励越高）】【菠萝包：抢走萨塔妮娅的菠萝包。（当面拆开包装并吃下奖励翻倍）】墨白躲在房间中，尾巴捆着两只仓鼠，一爪拿着啃了几口的菠萝包，一爪按在信号屏蔽器上，看着手持汤勺，捂住口鼻四处找猫的小鸟游十花，一脸无辜：“喵~~”“小猫咪能有什么坏心眼呢？”包含的日常世界：珈百璃的堕落、中二病也要谈恋爱、干物妹小埋、龙女仆、邪神与厨二病少女、侵略！乌贼娘等主角是妖精（罗小黑），偶尔会去别的世界找其他非人角色玩，比如帕克、蜘蛛子、不死之类的。",
      "FanValue": 8364,
      "ID": "100245800",
      "LastChapter": {
        "$Chapter": {
          "BookID": "100245800",
          "ID": "107306257",
          "Index": 36,
          "Modified": {
            "$Time": "2021-06-27 10:20:15 +0008 UTC+8"
          },
          "Title": "第二十六章 断网行动",
          "Uploaded": {
            "$Time": "2021-06-27 10:20:15 +0008 UTC+8"
          }
        }
      },
      "MonthBookmarkCount": 21901,
      "MonthClickCount": 2477718,
      "MonthFanValue": 8364,
      "MonthNoVIPClickCount": 1694439,
      "MonthRecommendCount": 4204,
      "MonthlyTicketCount": 174,
      "RecommendCount": 4204,
      "Tags": [
        {
          "$Tag": {
            "ID": "890585",
            "Name": "非人"
          }
        },
        {
          "$Tag": {
            "ID": "890586",
            "Name": "猫"
          }
        },
        {
          "$Tag": {
            "ID": "890584",
            "Name": "综漫"
          }
        },
        {
          "$Tag": {
            "ID": "915105",
            "Name": "龙女仆"
          }
        },
        {
          "$Tag": {
            "ID": "924544",
            "Name": "爆笑"
          }
        }
      ],
      "Title": "日常番里的小猫咪",
      "WeekBookmarkCount": 20303,
      "WeekClickCount": 2311773,
      "WeekFanValue": 3288,
      "WeekNoVIPClickCount": 1583145,
      "WeekRecommendCount": 3751,
      "WordCount": 79513
    }
  },
  {
    "$Book": {
      "BladeCount": 700,
      "BookmarkCount": 42678,
      "ClickCount": 7244037,
      "CoverURL": "http://c1.kuangxiangit.com/uploads/allimg/c210601/01-06-21114929-77594.jpg",
      "Description": "1833年，柏林大学。林登万看着眼前的冷傲御姐。她拥有一头柔顺的金色长发，面容姣好，而且有容奶大。短裙与过膝靴的搭配相得益彰，那绝对领域实在惹人瞩目。她的姓名牌上写着：「安娜·冯·俾斯麦」她说：“当代的重大问题，不是演说和决议能够解决的，这些问题唯有铁和血才能解决。”本书又名《欢迎来到实力至上的19世纪欧洲》《关于我的宰相和皇后上演宫斗戏这件小事》《俾斯麦大小姐想让我服从？政客们的权利头脑战~》《我的青春治国物语果然有问题》《RE：从零开始的普鲁士生活》《某科学的条顿骑士团》《德意志战记》《掀起波兰》《绿罗狂喜》《今日汝髪》《全球收狗：大嘤帝国》《沙雕鹅国》",
      "FanValue": 1301035,
      "ID": "100250050",
      "LastChapter": {
        "$Chapter": {
          "BookID": "100250050",
          "ID": "107307360",
          "Index": 78,
          "Modified": {
            "$Time": "2021-06-27 16:34:40 +0008 UTC+8"
          },
          "Title": "第七十四章 雅利安超人",
          "Uploaded": {
            "$Time": "2021-06-27 16:34:40 +0008 UTC+8"
          }
        }
      },
      "MonthBookmarkCount": 42678,
      "MonthClickCount": 7244037,
      "MonthFanValue": 1301035,
      "MonthNoVIPClickCount": 3874938,
      "MonthRecommendCount": 49366,
      "MonthlyTicketCount": 2721,
      "RecommendCount": 49366,
      "Tags": [
        {
          "$Tag": {
            "ID": "917448",
            "Name": "安娜在种地"
          }
        },
        {
          "$Tag": {
            "ID": "908039",
            "Name": "爆笑"
          }
        },
        {
          "$Tag": {
            "ID": "908041",
            "Name": "种田"
          }
        },
        {
          "$Tag": {
            "ID": "908038",
            "Name": "脑洞大开"
          }
        },
        {
          "$Tag": {
            "ID": "908037",
            "Name": "魔性"
          }
        },
        {
          "$Tag": {
            "ID": "908040",
            "Name": "后宫"
          }
        }
      ],
      "Title": "遵命！陛下",
      "WeekBookmarkCount": 10460,
      "WeekClickCount": 3236154,
      "WeekFanValue": 1228379,
      "WeekNoVIPClickCount": 1545507,
      "WeekRecommendCount": 21724,
      "WordCount": 194318
    }
  },
  {
    "$Book": {
      "BladeCount": 1057,
      "BookmarkCount": 37160,
      "ClickCount": 5086566,
      "CoverURL": "http://c1.kuangxiangit.com/uploads/allimg/c210606/06-06-21100915-35648.jpg",
      "Description": "“炼钢的事，做的很好，想要什么奖赏。”“如果可以的话，希望殿下……嗯……”明哲难为情的摸着下巴，半晌摇摇头道：“还是算了。”“但说无妨。”“不了不了，实在羞愧。”“金银府邸这等赏赐，尚不至于令人羞愧，既然如此难以启齿，难不成你想要几个……美妾？”听出话语结尾处的细微杀意，明哲抬起头，看向了主位上那个声名血腥的女子。一袭红裙，如火如血。“行吧，那我说了。”明哲拱了拱手，拿出了自己用挂刷出的一条黑丝。“请殿下将此物穿在腿上，然后……”“？”",
      "FanValue": 822890,
      "ID": "100250703",
      "LastChapter": {
        "$Chapter": {
          "BookID": "100250703",
          "ID": "107305185",
          "Index": 41,
          "Modified": {
            "$Time": "2021-06-27 00:38:41 +0008 UTC+8"
          },
          "Title": "第四十章 不是大忠，就是大奸",
          "Uploaded": {
            "$Time": "2021-06-27 00:38:41 +0008 UTC+8"
          }
        }
      },
      "MonthBookmarkCount": 37160,
      "MonthClickCount": 5086566,
      "MonthFanValue": 822890,
      "MonthNoVIPClickCount": 2468064,
      "MonthRecommendCount": 52773,
      "MonthlyTicketCount": 3697,
      "RecommendCount": 52773,
      "Tags": [
        {
          "$Tag": {
            "ID": "911585",
            "Name": "酒宝妈妈爱你"
          }
        },
        {
          "$Tag": {
            "ID": "910485",
            "Name": "邪王宠妃"
          }
        },
        {
          "$Tag": {
            "ID": "914870",
            "Name": "酒宝放心飞！"
          }
        },
        {
          "$Tag": {
            "ID": "912583",
            "Name": "只喜欢酒宝了"
          }
        },
        {
          "$Tag": {
            "ID": "912568",
            "Name": "霸道女总裁"
          }
        },
        {
          "$Tag": {
            "ID": "912348",
            "Name": "jaojao"
          }
        },
        {
          "$Tag": {
            "ID": "912141",
            "Name": "圣龙神陌上"
          }
        },
        {
          "$Tag": {
            "ID": "912146",
            "Name": "陌loli"
          }
        },
        {
          "$Tag": {
            "ID": "912567",
            "Name": "不爱酒宝十年"
          }
        },
        {
          "$Tag": {
            "ID": "912147",
            "Name": "在人群中"
          }
        },
        {
          "$Tag": {
            "ID": "912148",
            "Name": "看见了秦明"
          }
        }
      ],
      "Title": "想被女帝踩不正常吗？",
      "WeekBookmarkCount": 18246,
      "WeekClickCount": 3071262,
      "WeekFanValue": 701410,
      "WeekNoVIPClickCount": 1394127,
      "WeekRecommendCount": 27730,
      "WordCount": 135205
    }
  },
  {
    "$Book": {
      "BladeCount": 727,
      "BookmarkCount": 25271,
      "ClickCount": 5537508,
      "CoverURL": "http://c1.kuangxiangit.com/uploads/allimg/c210601/01-06-21162644-26967.jpg",
      "Description": "秦逸意外加入了一个聊天群，原本以为这个群里的人都很正经，结果却发现里面充满了各种生艹的事情。【宇宙之王奥尔加】：今天的群里还真是安静啊，大概是因为都有事去忙了吧，这很好，今天的我们也要不断地延伸道路！【在世界旅行的小说家】：谢邀，刚变成光，正在打大海螺。【魔法偶像梅莉酱】：有没有人知道要如何才能养得起一大堆阿尔托莉雅？不知为何我这里突然出现了一大堆阿尔托莉雅，现在大不列颠已经完全分裂了啊！一大堆阿尔托莉雅正在进行阿尔托莉雅战争啊！【最棒的吟游诗人】：秦逸，我已经看完了你发的原神剧情，突然觉得提瓦特好无聊，还是你的世界舒服，所以我就住你这里了，至于风神之位就让给你去当吧！...也许应该想个办法退群了，这个群貌似没什么正常人，再这样下去他恐怕就会因为精神错乱而死吧。（本书包含ooc、各种毒点，希望各位在观看前做好准备）。",
      "FanValue": 709078,
      "ID": "100250086",
      "LastChapter": {
        "$Chapter": {
          "BookID": "100250086",
          "ID": "107305958",
          "Index": 87,
          "Modified": {
            "$Time": "2021-06-27 08:45:27 +0008 UTC+8"
          },
          "Title": "第八十二章 昆钧",
          "Uploaded": {
            "$Time": "2021-06-27 08:45:27 +0008 UTC+8"
          }
        }
      },
      "MonthBookmarkCount": 25271,
      "MonthClickCount": 5537508,
      "MonthFanValue": 709078,
      "MonthNoVIPClickCount": 2803926,
      "MonthRecommendCount": 23460,
      "MonthlyTicketCount": 2076,
      "RecommendCount": 23460,
      "Tags": [
        {
          "$Tag": {
            "ID": "908152",
            "Name": "聊天群"
          }
        },
        {
          "$Tag": {
            "ID": "913880",
            "Name": "无限流"
          }
        },
        {
          "$Tag": {
            "ID": "913881",
            "Name": "爆笑"
          }
        },
        {
          "$Tag": {
            "ID": "913879",
            "Name": "穿越"
          }
        },
        {
          "$Tag": {
            "ID": "915420",
            "Name": "特摄"
          }
        },
        {
          "$Tag": {
            "ID": "915612",
            "Name": "原神"
          }
        },
        {
          "$Tag": {
            "ID": "913878",
            "Name": "冒险"
          }
        }
      ],
      "Title": "我大概会因为精神错乱而死吧！",
      "WeekBookmarkCount": 7605,
      "WeekClickCount": 2747016,
      "WeekFanValue": 640810,
      "WeekNoVIPClickCount": 1270353,
      "WeekRecommendCount": 10426,
      "WordCount": 184333
    }
  },
  {
    "$Book": {
      "BladeCount": 88,
      "BookmarkCount": 17810,
      "ClickCount": 2576640,
      "CoverURL": "http://c1.kuangxiangit.com/uploads/allimg/c210610/10-06-21170634-33573.jpg",
      "Description": "罗宾，来到哈利波特世界，和邓布利多同届，激活了DNF魔界人系统。转职成次元行者，一百年后（大概）……霍格沃茨新来了一位次元学教授。邓布利多：“可以放心养成救世主了！”伏地魔：“阿瓦达啃大瓜！……为什么你也死不了！！”哈利·波特：“他是霍格沃茨最好的教授！”罗宾：“说得好，格兰芬多加50分！”",
      "FanValue": 14800,
      "ID": "100251640",
      "LastChapter": {
        "$Chapter": {
          "BookID": "100251640",
          "ID": "107307460",
          "Index": 53,
          "Modified": {
            "$Time": "2021-06-27 17:03:23 +0008 UTC+8"
          },
          "Title": "第五十一章哈莉：我们太弱小了！（加更）",
          "Uploaded": {
            "$Time": "2021-06-27 17:03:23 +0008 UTC+8"
          }
        }
      },
      "MonthBookmarkCount": 17810,
      "MonthClickCount": 2576640,
      "MonthFanValue": 14800,
      "MonthNoVIPClickCount": 1641744,
      "MonthRecommendCount": 6275,
      "MonthlyTicketCount": 327,
      "RecommendCount": 6275,
      "Tags": [
        {
          "$Tag": {
            "ID": "915811",
            "Name": "肾虚公子"
          }
        },
        {
          "$Tag": {
            "ID": "914378",
            "Name": "同人"
          }
        },
        {
          "$Tag": {
            "ID": "914376",
            "Name": "无敌"
          }
        },
        {
          "$Tag": {
            "ID": "914373",
            "Name": "校园"
          }
        },
        {
          "$Tag": {
            "ID": "918186",
            "Name": "dnf"
          }
        },
        {
          "$Tag": {
            "ID": "914377",
            "Name": "哈利波特"
          }
        }
      ],
      "Title": "霍格沃茨的次元学教授",
      "WeekBookmarkCount": 12638,
      "WeekClickCount": 1978080,
      "WeekFanValue": 8200,
      "WeekNoVIPClickCount": 1257915,
      "WeekRecommendCount": 3209,
      "WordCount": 88698
    }
  },
  {
    "$Book": {
      "BladeCount": 715,
      "BookmarkCount": 42945,
      "ClickCount": 6508221,
      "CoverURL": "http://c1.kuangxiangit.com/uploads/allimg/c210603/03-06-21153234-53041.jpg",
      "Description": "当苏远重生后，才发现自己一生的悲剧，都是被别人精心策划好的剧本，是一档全球直播在虚拟世界里的真人秀，『犯罪者的救赎』。他曾怀疑自己为何如此不幸。所有的努力都被否定，而接近他的红颜知己也都离去。答案很简单，因为真人秀的幕后策划，想让他在全球数十亿人面前，成为十恶不赦的败类。那些女主角都是真人扮演，来诱惑他堕落的演员。而这一次......苏远还是当年那个十八岁，身体健康的少年。拼搏了一整辈子的他，这次面对被安排的坎坷命运，他笑了笑，决定彻底躺平。但他未曾想到。那些他为了满足自己的无心之举，悠然而肆意的生活方式，却像是转动的齿轮般。轻缓却惊艳的将外面，那娱乐至死，既繁荣却又死寂的的世界.....注入了星星火苗。",
      "FanValue": 108888,
      "ID": "100250338",
      "LastChapter": {
        "$Chapter": {
          "BookID": "100250338",
          "ID": "107305802",
          "Index": 31,
          "Modified": {
            "$Time": "2021-06-27 06:41:07 +0008 UTC+8"
          },
          "Title": "第31章 第二名嘉宾揭幕而至",
          "Uploaded": {
            "$Time": "2021-06-27 06:33:30 +0008 UTC+8"
          }
        }
      },
      "MonthBookmarkCount": 42945,
      "MonthClickCount": 6508221,
      "MonthFanValue": 108888,
      "MonthNoVIPClickCount": 3658674,
      "MonthRecommendCount": 30660,
      "MonthlyTicketCount": 2104,
      "RecommendCount": 30660,
      "Tags": [
        {
          "$Tag": {
            "ID": "920814",
            "Name": "gkd"
          }
        },
        {
          "$Tag": {
            "ID": "922972",
            "Name": "作者快更新"
          }
        },
        {
          "$Tag": {
            "ID": "922905",
            "Name": "盗火者"
          }
        },
        {
          "$Tag": {
            "ID": "915531",
            "Name": "楚门"
          }
        },
        {
          "$Tag": {
            "ID": "909123",
            "Name": "重生"
          }
        },
        {
          "$Tag": {
            "ID": "909124",
            "Name": "纯爱"
          }
        },
        {
          "$Tag": {
            "ID": "909125",
            "Name": "青春"
          }
        }
      ],
      "Title": "疯了吧！全球直播你躺平？",
      "WeekBookmarkCount": 9302,
      "WeekClickCount": 2155020,
      "WeekFanValue": 39860,
      "WeekNoVIPClickCount": 1153896,
      "WeekRecommendCount": 9796,
      "WordCount": 76236
    }
  },
  {
    "$Book": {
      "BladeCount": 161,
      "BookmarkCount": 25142,
      "ClickCount": 3331035,
      "CoverURL": "http://c1.kuangxiangit.com/uploads/allimg/c210531/31-05-21085024-94140.jpg",
      "Description": "表面平和的都市里，刚刚斩杀了一只凶妖的安哲身心疲惫的看着眼前的黑发少女：“辉夜大小姐，我真的很累了，有什么事明天再说吧。”四宫辉夜的脑海中，回荡着女仆兼姐妹的早坂爱那面无表情的郑重提醒：【大小姐，这里要提醒你，根据我的调查，喜欢安哲的人有很多；比如人气作家霞之丘诗羽、大明星樱岛麻衣、世界知名画家椎名真白，另外还有许多优秀美丽的女孩，你一定得主动出击才行】想到这里，四宫辉夜只得暂时放下了她的高傲，有些紧张的说道：“累、累了吗？我家还挺大的，很适合休息，要要要、要不去我家坐一坐？”安哲：“……你为什么一定要喜欢我？辉夜，你能不能有点出息。”四宫辉夜：“……？？”",
      "FanValue": 23628,
      "ID": "100249854",
      "LastChapter": {
        "$Chapter": {
          "BookID": "100249854",
          "ID": "107308014",
          "Index": 54,
          "Modified": {
            "$Time": "2021-06-27 20:11:59 +0008 UTC+8"
          },
          "Title": "第54章  这人也太现实了",
          "Uploaded": {
            "$Time": "2021-06-27 19:58:41 +0008 UTC+8"
          }
        }
      },
      "MonthBookmarkCount": 25034,
      "MonthClickCount": 3327996,
      "MonthFanValue": 23628,
      "MonthNoVIPClickCount": 1970532,
      "MonthRecommendCount": 10651,
      "MonthlyTicketCount": 393,
      "RecommendCount": 10672,
      "Tags": [
        {
          "$Tag": {
            "ID": "923562",
            "Name": "安哲的嘴"
          }
        },
        {
          "$Tag": {
            "ID": "907262",
            "Name": "综漫"
          }
        },
        {
          "$Tag": {
            "ID": "907264",
            "Name": "都市"
          }
        },
        {
          "$Tag": {
            "ID": "907263",
            "Name": "后宫"
          }
        }
      ],
      "Title": "辉夜大小姐想让我入赘",
      "WeekBookmarkCount": 12553,
      "WeekClickCount": 1823325,
      "WeekFanValue": 13940,
      "WeekNoVIPClickCount": 1071348,
      "WeekRecommendCount": 6292,
      "WordCount": 114220
    }
  }
]
