{
  "$Book": {
    "Author": "学霸殿下",
    "BladeCount": 6,
    "BookmarkCount": 274445,
    "Category": {
      "$Category": "8"
    },
    "ChapterCount": 1240,
    "ClickCount": 281664573,
    "CoverURL": "http://c1.kuangxiangit.com/uploads/allimg/c160701/01-07-16220323-6809-100011781.jpg",
    "Created": {
      "$Time": "2016-06-02 16:02:31 +0008 UTC+8"
    },
    "Description": "　　始皇历1838年，天元战争结束，一个刚穿越就被逼着打了六年的仗的男人将手中的大宝剑一扔，带着灵魂上的伤痛与茫然，摇摇晃晃地离开了满目疮痍的战场，想要去看看这个陌生而神秘的世界，我们的故事，就从他重获自由的两年后开始。\r\n\r\n　　然而他发现，事情并没有这么简单，那铁与火交织的六年，已经让他与这个新世界的命运紧紧地纠缠在一起，推行变革的汉家王朝，虎视眈眈的西方列强，挥舞帝兵的武者，操纵机械的枪炮士，驾驭蒸汽机关的工程师，一身致命武装的改造人，在这个科技树歪到姥姥家的新世界，各自处于巅峰状态的东西方文明正等待着一场华丽绚烂的终极碰撞，而他与那把被他扔掉的大宝剑，恰好正是一切的起源与因由。\r\n\r\n　　就像命运一样，他躲不过去。\r\n\r\n　　而且要命的是，他好像被自己扔掉的那把大宝剑给诅咒了……唔，亦或是祝福也不一定？\r\n\r\n　　他体内的大宝剑之力，有一部分变成了大保健之力……这是件很麻烦的事情，其中一个比较严重的后果，就是他永远失去了扶老奶奶过马路的资格。\r\n\r\n　　因为现在的他，只要碰触到女性的任何部位，就会让对方……咳咳，他妈的，真是太扯淡了。\r\n\r\n　　“大家好，我叫孙朗，最近因为某些原因转业成了一名游侠……还有，也许小时候的我渴望着各种萌妹子和一个大大的后宫，但现在我讨厌H，非常讨厌。”\r\n\r\n　　“……不要用这种眼神看着我，这是真的，你们一定要相信我。”\r\n\r\n￥￥￥￥￥￥￥￥￥￥￥￥￥￥￥￥￥￥￥￥￥￥￥\r\n\r\nPS1:拙作《死神逃学日记》因百度小说贴吧大规模封禁之故，更新地点转移至新浪微博【学霸殿下】与微信公众平台【学霸殿下】（微信号a1316422829），依然有意追更的朋友请关注，并请互相转告告知。\r\n\r\nPS2：感谢一路陪伴，我是学霸，我在这里。",
    "FanValue": 589958763,
    "ID": "100011781",
    "LastChapter": {
      "$Chapter": {
        "BookID": "100011781",
        "Created": {
          "$Time": "2021-04-10 04:13:36 +0008 UTC+8"
        },
        "ID": "106939421",
        "Index": 0,
        "Title": "操操操操操操操又来了……",
        "Updated": {
          "$Time": "2021-04-10 04:13:36 +0008 UTC+8"
        }
      }
    },
    "MonthBookmarkCount": 238,
    "MonthClickCount": 137517,
    "MonthFanValue": 394600,
    "MonthNoVIPClickCount": 38010,
    "MonthRecommendCount": 309,
    "MonthlyTicketCount": 26,
    "RecommendCount": 6505351,
    "ReviewCount": 32446,
    "RewardCount": 14918340,
    "Tags": [
      {
        "$Tag": {
          "ID": "62072",
          "Name": "撕字典",
          "Type": "3"
        }
      },
      {
        "$Tag": {
          "ID": "97402",
          "Name": "家里人知道吗",
          "Type": "3"
        }
      },
      {
        "$Tag": {
          "ID": "85996",
          "Name": "女装大佬",
          "Type": "3"
        }
      },
      {
        "$Tag": {
          "ID": "120063",
          "Name": "处男小说",
          "Type": "3"
        }
      },
      {
        "$Tag": {
          "ID": "85122",
          "Name": "养肥",
          "Type": "3"
        }
      },
      {
        "$Tag": {
          "ID": "91689",
          "Name": "鬼畜",
          "Type": "3"
        }
      },
      {
        "$Tag": {
          "ID": "62077",
          "Name": "女装读者",
          "Type": "3"
        }
      },
      {
        "$Tag": {
          "ID": "168847",
          "Name": "祖传地下室",
          "Type": "3"
        }
      },
      {
        "$Tag": {
          "ID": "210540",
          "Name": "创造敏感词",
          "Type": "3"
        }
      },
      {
        "$Tag": {
          "ID": "209567",
          "Name": "敏感词怪学霸",
          "Type": "3"
        }
      },
      {
        "$Tag": {
          "ID": "184828",
          "Name": "狗穴霸又断章",
          "Type": "3"
        }
      },
      {
        "$Tag": {
          "ID": "98600",
          "Name": "测试一下",
          "Type": "3"
        }
      },
      {
        "$Tag": {
          "ID": "148618",
          "Name": "你想活着吗",
          "Type": "3"
        }
      },
      {
        "$Tag": {
          "ID": "157938",
          "Name": "求证学霸",
          "Type": "3"
        }
      },
      {
        "$Tag": {
          "ID": "192773",
          "Name": "地下室",
          "Type": "3"
        }
      },
      {
        "$Tag": {
          "ID": "227650",
          "Name": "污侠小说",
          "Type": "3"
        }
      },
      {
        "$Tag": {
          "ID": "191779",
          "Name": "日在校园",
          "Type": "3"
        }
      },
      {
        "$Tag": {
          "ID": "205101",
          "Name": "老书虫的仙草",
          "Type": "3"
        }
      },
      {
        "$Tag": {
          "ID": "227718",
          "Name": "正经小说",
          "Type": "3"
        }
      },
      {
        "$Tag": {
          "ID": "205169",
          "Name": "我们一直在",
          "Type": "3"
        }
      },
      {
        "$Tag": {
          "ID": "233519",
          "Name": "野兽先辈",
          "Type": "3"
        }
      },
      {
        "$Tag": {
          "ID": "268305",
          "Name": "保重身体",
          "Type": "3"
        }
      },
      {
        "$Tag": {
          "ID": "268558",
          "Name": "谢谢学霸",
          "Type": "3"
        }
      },
      {
        "$Tag": {
          "ID": "268011",
          "Name": "学霸看这里",
          "Type": "3"
        }
      },
      {
        "$Tag": {
          "ID": "263477",
          "Name": "掌阅里的太监",
          "Type": "3"
        }
      },
      {
        "$Tag": {
          "ID": "453509",
          "Name": "GVV股东",
          "Type": "3"
        }
      },
      {
        "$Tag": {
          "ID": "153579",
          "Name": "还删评论？！",
          "Type": "3"
        }
      },
      {
        "$Tag": {
          "ID": "144551",
          "Name": "刷票？！",
          "Type": "3"
        }
      }
    ],
    "Title": "我的大宝剑",
    "TotalBladeCount": 255390,
    "TotalMonthlyTicketCount": 370412,
    "UpdateStatus": {
      "$UpdateStatus": "0"
    },
    "Updated": {
      "$Time": "2021-04-10 04:13:36 +0008 UTC+8"
    },
    "WeekBookmarkCount": 147,
    "WeekClickCount": 80703,
    "WeekFanValue": 219484,
    "WeekNoVIPClickCount": 21318,
    "WeekRecommendCount": 173,
    "WordCount": 4394185
  }
}
