[
  {
    "$Book": {
      "Author": "扶桑",
      "BladeCount": 809,
      "BookmarkCount": 41229,
      "Category": {
        "$Category": "5"
      },
      "ChapterCount": 33,
      "ClickCount": 4793223,
      "CoverURL": "http://c1.kuangxiangit.com/uploads/allimg/c210707/07-07-21163832-78028.jpg",
      "Created": {
        "$Time": "2021-06-29 17:34:22 +0008 UTC+8"
      },
      "Description": "夏九溟一觉醒来，发现自己重生成了上古神话世界中的东海。海中有龙、有鲛人、以及各种奇异生灵。这回不当人了，总算不用卷了吧？终于可以心安理得的躺平了……他只想做一个风平浪静的海，安安稳稳的与天地同寿，静静地看世间百态。但为什么麻烦总是接踵而至？葬身东海，化身精卫，立志填海的炎帝之女女娃。所过之地，赤地千里，想在海中寻找安身之地的黄帝之女女魃。旦为朝云、暮为行雨的神女瑶姬。还有自洛河而来，却留在东海不愿再回去的伏羲之女洛神。……“等等，我虽然是海，但我没想当海王啊？”PS：非人流上古神话，架空背景，部分神话有改编，请勿较真。",
      "FanValue": 289640,
      "ID": "100255300",
      "LastChapter": {
        "$Chapter": {
          "BookID": "100255300",
          "Created": {
            "$Time": "2021-07-10 10:36:40 +0008 UTC+8"
          },
          "ID": "107367617",
          "Index": 0,
          "Title": "第030章：聪明的精卫！",
          "Updated": {
            "$Time": "2021-07-10 19:49:04 +0008 UTC+8"
          }
        }
      },
      "MonthBookmarkCount": 41053,
      "MonthClickCount": 4784625,
      "MonthFanValue": 289640,
      "MonthNoVIPClickCount": 3152421,
      "MonthRecommendCount": 24823,
      "MonthlyTicketCount": 2088,
      "RecommendCount": 24900,
      "ReviewCount": 131,
      "RewardCount": 208740,
      "Tags": [
        {
          "$Tag": {
            "ID": "936023",
            "Name": "海豹",
            "Type": "3"
          }
        },
        {
          "$Tag": {
            "ID": "928407",
            "Name": "非人",
            "Type": "1"
          }
        },
        {
          "$Tag": {
            "ID": "928410",
            "Name": "上古神话",
            "Type": "3"
          }
        },
        {
          "$Tag": {
            "ID": "928408",
            "Name": "无敌",
            "Type": "1"
          }
        },
        {
          "$Tag": {
            "ID": "937605",
            "Name": "☁🌊☁",
            "Type": "3"
          }
        },
        {
          "$Tag": {
            "ID": "937307",
            "Name": "海豹窝",
            "Type": "3"
          }
        },
        {
          "$Tag": {
            "ID": "937591",
            "Name": "大海",
            "Type": "3"
          }
        },
        {
          "$Tag": {
            "ID": "938533",
            "Name": "北冰洋",
            "Type": "3"
          }
        },
        {
          "$Tag": {
            "ID": "938532",
            "Name": "南极洲",
            "Type": "3"
          }
        }
      ],
      "Title": "我穿越成了一片海",
      "TotalBladeCount": 809,
      "TotalMonthlyTicketCount": 2096,
      "UpdateStatus": {
        "$UpdateStatus": "0"
      },
      "Updated": {
        "$Time": "2021-07-10 10:36:40 +0008 UTC+8"
      },
      "WeekBookmarkCount": 40638,
      "WeekClickCount": 4749540,
      "WeekFanValue": 286740,
      "WeekNoVIPClickCount": 3136917,
      "WeekRecommendCount": 24585,
      "WordCount": 69069
    }
  },
  {
    "$Book": {
      "Author": "原酿",
      "BladeCount": 91,
      "BookmarkCount": 31100,
      "Category": {
        "$Category": "6"
      },
      "ChapterCount": 41,
      "ClickCount": 3076212,
      "CoverURL": "http://c1.kuangxiangit.com/uploads/allimg/c210527/27-05-21165729-98867.jpg",
      "Created": {
        "$Time": "2021-06-23 15:26:32 +0008 UTC+8"
      },
      "Description": "喰种，最顶级的捕食者。它们有着超人般的身体素质，宛如合金锻造的钢铁皮肤，伸缩自如的捕食器官赫子。以及，与人类别无二致的外貌伪装。来自另一个世界的灵魂，悄然降生到金木研身上，取而代之。面对处处藏着危机的东京，似乎只能艰难苟活？不，他有修改器！",
      "FanValue": 181116,
      "ID": "100249254",
      "LastChapter": {
        "$Chapter": {
          "BookID": "100249254",
          "Created": {
            "$Time": "2021-07-10 03:21:45 +0008 UTC+8"
          },
          "ID": "107366768",
          "Index": 0,
          "Title": "040：被蛇鳞覆盖的右手",
          "Updated": {
            "$Time": "2021-07-10 13:29:22 +0008 UTC+8"
          }
        }
      },
      "MonthBookmarkCount": 30466,
      "MonthClickCount": 2974155,
      "MonthFanValue": 177164,
      "MonthNoVIPClickCount": 1903005,
      "MonthRecommendCount": 7867,
      "MonthlyTicketCount": 379,
      "RecommendCount": 8888,
      "ReviewCount": 142,
      "RewardCount": 170416,
      "Tags": [
        {
          "$Tag": {
            "ID": "934672",
            "Name": "一定要完本。",
            "Type": "3"
          }
        },
        {
          "$Tag": {
            "ID": "904762",
            "Name": "东京",
            "Type": "3"
          }
        },
        {
          "$Tag": {
            "ID": "904760",
            "Name": "升级",
            "Type": "1"
          }
        },
        {
          "$Tag": {
            "ID": "934352",
            "Name": "东京食尸鬼",
            "Type": "3"
          }
        },
        {
          "$Tag": {
            "ID": "934351",
            "Name": "东京喰种",
            "Type": "3"
          }
        },
        {
          "$Tag": {
            "ID": "904761",
            "Name": "无限流",
            "Type": "1"
          }
        }
      ],
      "Title": "金木研的剑道修改器",
      "TotalBladeCount": 107,
      "TotalMonthlyTicketCount": 431,
      "UpdateStatus": {
        "$UpdateStatus": "0"
      },
      "Updated": {
        "$Time": "2021-07-10 03:21:45 +0008 UTC+8"
      },
      "WeekBookmarkCount": 30358,
      "WeekClickCount": 2950992,
      "WeekFanValue": 175464,
      "WeekNoVIPClickCount": 1890597,
      "WeekRecommendCount": 7706,
      "WordCount": 82235
    }
  },
  {
    "$Book": {
      "Author": "了了一三",
      "BladeCount": 372,
      "BookmarkCount": 28573,
      "Category": {
        "$Category": "6"
      },
      "ChapterCount": 46,
      "ClickCount": 3635109,
      "CoverURL": "http://c1.kuangxiangit.com/uploads/allimg/c210622/22-06-21180214-17891.jpg",
      "Created": {
        "$Time": "2021-06-28 17:41:35 +0008 UTC+8"
      },
      "Description": "白铭捡到了一部手机朋友圈里全都是二次元人物，只要点赞就能获得她们的能力！蜘蛛子：今天的午餐（青蛙照片jpg.）点赞！获得吐丝能力！摩根：这孩子总有一天会加冕为王！点赞！获得魔具做成！刻晴：帝君限量手办好好康~点赞！获得云来剑法！凯尔希：阿米娅长高了一点（晒娃）。点赞：获得Mon3tr！为了提升实力白洺化身点赞狂魔，并且每一次都会在下面留下评论。久而久之，他收到的回复突然奇怪了起来···摩根：你能接受一个有孩子的女人吗？顺便统治一个国家。蜘蛛子：你喜欢魔物娘吗？凯尔希：你想养一只像猞猁的猫吗？？我只馋你们的能力不馋你们**啊！",
      "FanValue": 54776,
      "ID": "100254138",
      "LastChapter": {
        "$Chapter": {
          "BookID": "100254138",
          "Created": {
            "$Time": "2021-07-10 15:00:28 +0008 UTC+8"
          },
          "ID": "107368402",
          "Index": 0,
          "Title": "第45章 混乱的误会",
          "Updated": {
            "$Time": "2021-07-10 15:00:28 +0008 UTC+8"
          }
        }
      },
      "MonthBookmarkCount": 25162,
      "MonthClickCount": 3369534,
      "MonthFanValue": 51776,
      "MonthNoVIPClickCount": 1981074,
      "MonthRecommendCount": 10597,
      "MonthlyTicketCount": 609,
      "RecommendCount": 11210,
      "ReviewCount": 82,
      "RewardCount": 15076,
      "Tags": [
        {
          "$Tag": {
            "ID": "932222",
            "Name": "脑洞大开",
            "Type": "1"
          }
        },
        {
          "$Tag": {
            "ID": "932223",
            "Name": "升级",
            "Type": "1"
          }
        },
        {
          "$Tag": {
            "ID": "932225",
            "Name": "恋爱",
            "Type": "1"
          }
        },
        {
          "$Tag": {
            "ID": "932221",
            "Name": "综漫",
            "Type": "1"
          }
        },
        {
          "$Tag": {
            "ID": "932226",
            "Name": "都市",
            "Type": "1"
          }
        },
        {
          "$Tag": {
            "ID": "932224",
            "Name": "fate",
            "Type": "2"
          }
        }
      ],
      "Title": "我的二次元朋友圈有点不对劲",
      "TotalBladeCount": 397,
      "TotalMonthlyTicketCount": 650,
      "UpdateStatus": {
        "$UpdateStatus": "0"
      },
      "Updated": {
        "$Time": "2021-07-10 15:00:28 +0008 UTC+8"
      },
      "WeekBookmarkCount": 18403,
      "WeekClickCount": 2629764,
      "WeekFanValue": 48288,
      "WeekNoVIPClickCount": 1534749,
      "WeekRecommendCount": 9457,
      "WordCount": 100986
    }
  },
  {
    "$Book": {
      "Author": "平平无奇咕咕陈",
      "BladeCount": 118,
      "BookmarkCount": 20998,
      "Category": {
        "$Category": "3"
      },
      "ChapterCount": 37,
      "ClickCount": 2855106,
      "CoverURL": "http://c1.kuangxiangit.com/uploads/allimg/c210629/29-06-21171925-38761-100255275.jpg",
      "Created": {
        "$Time": "2021-07-01 10:21:07 +0008 UTC+8"
      },
      "Description": "许多年后，面对众臣的朝拜，罗南回想起他穿越到女尊世界成为男魅魔的那个遥远的下午。……PS：简介苦手，类巫师西幻世界观。包含冒险、修罗场、种田等元素。管你看没看懂，先看几章不就完了！（注入灵魂）",
      "FanValue": 176352,
      "ID": "100255275",
      "LastChapter": {
        "$Chapter": {
          "BookID": "100255275",
          "Created": {
            "$Time": "2021-07-10 17:50:02 +0008 UTC+8"
          },
          "ID": "107361575",
          "Index": 0,
          "Title": "033 你知道这五年我怎么过的吗？",
          "Updated": {
            "$Time": "2021-07-10 20:54:56 +0008 UTC+8"
          }
        }
      },
      "MonthBookmarkCount": 20795,
      "MonthClickCount": 2846049,
      "MonthFanValue": 174752,
      "MonthNoVIPClickCount": 1574082,
      "MonthRecommendCount": 4880,
      "MonthlyTicketCount": 297,
      "RecommendCount": 5039,
      "ReviewCount": 49,
      "RewardCount": 163652,
      "Tags": [
        {
          "$Tag": {
            "ID": "928302",
            "Name": "修罗场",
            "Type": "1"
          }
        },
        {
          "$Tag": {
            "ID": "936467",
            "Name": "人形媚药",
            "Type": "3"
          }
        },
        {
          "$Tag": {
            "ID": "935409",
            "Name": "爽文",
            "Type": "1"
          }
        }
      ],
      "Title": "勇者，不可以！",
      "TotalBladeCount": 127,
      "TotalMonthlyTicketCount": 305,
      "UpdateStatus": {
        "$UpdateStatus": "0"
      },
      "Updated": {
        "$Time": "2021-07-10 17:50:02 +0008 UTC+8"
      },
      "WeekBookmarkCount": 19862,
      "WeekClickCount": 2743596,
      "WeekFanValue": 171452,
      "WeekNoVIPClickCount": 1513992,
      "WeekRecommendCount": 4482,
      "WordCount": 69951
    }
  },
  {
    "$Book": {
      "Author": "D/W?",
      "BladeCount": 122,
      "BookmarkCount": 17541,
      "Category": {
        "$Category": "8"
      },
      "ChapterCount": 59,
      "ClickCount": 2993238,
      "CoverURL": "http://c1.kuangxiangit.com/uploads/allimg/c210523/23-05-21001653-7733-100247872.jpg",
      "Created": {
        "$Time": "2021-06-23 17:54:47 +0008 UTC+8"
      },
      "Description": "我穿越了，同时成为了世界三大职业之二的中国穿越者以及日本高中生但，这个学校好像有点不太对劲，隔三差五便会有性格亚撒西的高中生凭空消失另人费解但我想我知道原因——因为隔壁平职的原班人马已经在上周集体穿越了而我，离异世界生活只差一辆卡车——或者一场爆炸......邪神D，若叶姬色，超级无敌美少女，摸鱼公会会员，有一个大胸女仆，现在在进行JK游戏，随时可能会被拖回去工作，在未来的某一秒她就会送全班去异世界而她的同桌，也就是我，南梦涯——是无辜的......——绝对是无辜的啊！！！D你这个混蛋还老子青春日常啊！！！还我高中女JK啊！！！谁稀罕什么异世界啊！！！——不行哦，J",
      "FanValue": 15600,
      "ID": "100247872",
      "LastChapter": {
        "$Chapter": {
          "BookID": "100247872",
          "Created": {
            "$Time": "2021-07-10 16:57:16 +0008 UTC+8"
          },
          "ID": "107368762",
          "Index": 0,
          "Title": "第四十八页：第二阶段",
          "Updated": {
            "$Time": "2021-07-10 16:57:16 +0008 UTC+8"
          }
        }
      },
      "MonthBookmarkCount": 15362,
      "MonthClickCount": 2524419,
      "MonthFanValue": 13400,
      "MonthNoVIPClickCount": 1559445,
      "MonthRecommendCount": 4190,
      "MonthlyTicketCount": 284,
      "RecommendCount": 5789,
      "ReviewCount": 105,
      "RewardCount": 1800,
      "Tags": [
        {
          "$Tag": {
            "ID": "936248",
            "Name": "rnm的d",
            "Type": "3"
          }
        },
        {
          "$Tag": {
            "ID": "926338",
            "Name": "上头",
            "Type": "3"
          }
        },
        {
          "$Tag": {
            "ID": "901019",
            "Name": "蜘蛛子",
            "Type": "3"
          }
        }
      ],
      "Title": "人在艾尔罗，不是蜘蛛子，是邪神哒！",
      "TotalBladeCount": 138,
      "TotalMonthlyTicketCount": 345,
      "UpdateStatus": {
        "$UpdateStatus": "0"
      },
      "Updated": {
        "$Time": "2021-07-10 16:57:16 +0008 UTC+8"
      },
      "WeekBookmarkCount": 14833,
      "WeekClickCount": 2398086,
      "WeekFanValue": 12600,
      "WeekNoVIPClickCount": 1483863,
      "WeekRecommendCount": 3696,
      "WordCount": 115461
    }
  },
  {
    "$Book": {
      "Author": "缘凃",
      "BladeCount": 251,
      "BookmarkCount": 22706,
      "Category": {
        "$Category": "8"
      },
      "ChapterCount": 27,
      "ClickCount": 2266017,
      "CoverURL": "http://c1.kuangxiangit.com/uploads/allimg/c210701/01-07-21162533-45442.jpg",
      "Created": {
        "$Time": "0001-01-01 00:00:00 +0000 UTC"
      },
      "Description": "“圣女大人，诺亚殿下已经被您赶走十五年了。”“哦？那他知道错了吗？”“他女儿都已经十五岁了。”圣女：？？？",
      "FanValue": 193188,
      "ID": "100255871",
      "LastChapter": {
        "$Chapter": {
          "BookID": "100255871",
          "Created": {
            "$Time": "2021-07-10 17:46:00 +0008 UTC+8"
          },
          "ID": "107368962",
          "Index": 0,
          "Title": "第27章 魔女的气息",
          "Updated": {
            "$Time": "2021-07-10 17:46:24 +0008 UTC+8"
          }
        }
      },
      "MonthBookmarkCount": 22706,
      "MonthClickCount": 2266017,
      "MonthFanValue": 193188,
      "MonthNoVIPClickCount": 1399548,
      "MonthRecommendCount": 8663,
      "MonthlyTicketCount": 457,
      "RecommendCount": 8663,
      "ReviewCount": 45,
      "RewardCount": 168088,
      "Tags": [
        {
          "$Tag": {
            "ID": "930466",
            "Name": "恋爱",
            "Type": "1"
          }
        },
        {
          "$Tag": {
            "ID": "930469",
            "Name": "萝莉",
            "Type": "1"
          }
        },
        {
          "$Tag": {
            "ID": "930467",
            "Name": "慢热",
            "Type": "1"
          }
        },
        {
          "$Tag": {
            "ID": "930468",
            "Name": "战斗",
            "Type": "1"
          }
        },
        {
          "$Tag": {
            "ID": "930465",
            "Name": "冒险",
            "Type": "1"
          }
        }
      ],
      "Title": "魔女竟然都在我身边",
      "TotalBladeCount": 251,
      "TotalMonthlyTicketCount": 457,
      "UpdateStatus": {
        "$UpdateStatus": "0"
      },
      "Updated": {
        "$Time": "0001-01-01 00:00:00 +0000 UTC"
      },
      "WeekBookmarkCount": 22404,
      "WeekClickCount": 2247975,
      "WeekFanValue": 189700,
      "WeekNoVIPClickCount": 1392495,
      "WeekRecommendCount": 8358,
      "WordCount": 52910
    }
  },
  {
    "$Book": {
      "Author": "哈士奇不是骑",
      "BladeCount": 113,
      "BookmarkCount": 16457,
      "Category": {
        "$Category": "27"
      },
      "ChapterCount": 63,
      "ClickCount": 2352261,
      "CoverURL": "http://c1.kuangxiangit.com/uploads/allimg/c210615/15-06-21144336-35427.jpg",
      "Created": {
        "$Time": "2021-06-16 15:49:15 +0008 UTC+8"
      },
      "Description": "穿越到了一个有趣的世界，这里有着和地球相似的文明，数个国家、各个板块，和地球类似，科技也是这里某个国家的发展主力，但是这里的人也有一些有趣的能力…不同国家，不同地区所依赖的力量并不一样。最为有趣的地方便是这里的人出生便是男孩，但是直到年龄大于十八岁之后便会变为女孩子…对于这些人来说，十八岁前的男孩子在拥有繁殖能力之后便会很抢手…而他发现除了自己之外的人在长大后似乎全都变成了女孩子...",
      "FanValue": 28552,
      "ID": "100242527",
      "LastChapter": {
        "$Chapter": {
          "BookID": "100242527",
          "Created": {
            "$Time": "2021-07-10 20:05:02 +0008 UTC+8"
          },
          "ID": "107369498",
          "Index": 0,
          "Title": "六十二章 奇怪的变化",
          "Updated": {
            "$Time": "2021-07-10 20:05:02 +0008 UTC+8"
          }
        }
      },
      "MonthBookmarkCount": 15156,
      "MonthClickCount": 2025456,
      "MonthFanValue": 24652,
      "MonthNoVIPClickCount": 1243734,
      "MonthRecommendCount": 4165,
      "MonthlyTicketCount": 258,
      "RecommendCount": 5147,
      "ReviewCount": 189,
      "RewardCount": 14352,
      "Tags": [
        {
          "$Tag": {
            "ID": "937464",
            "Name": "基友变嫁",
            "Type": "3"
          }
        },
        {
          "$Tag": {
            "ID": "877437",
            "Name": "脑洞大开",
            "Type": "1"
          }
        },
        {
          "$Tag": {
            "ID": "877436",
            "Name": "校园",
            "Type": "1"
          }
        },
        {
          "$Tag": {
            "ID": "877439",
            "Name": "恋爱",
            "Type": "1"
          }
        },
        {
          "$Tag": {
            "ID": "877440",
            "Name": "穿越",
            "Type": "1"
          }
        },
        {
          "$Tag": {
            "ID": "877435",
            "Name": "科幻",
            "Type": "1"
          }
        },
        {
          "$Tag": {
            "ID": "877438",
            "Name": "青春",
            "Type": "1"
          }
        },
        {
          "$Tag": {
            "ID": "902004",
            "Name": "性转",
            "Type": "3"
          }
        }
      ],
      "Title": "男儿十八，会变成花",
      "TotalBladeCount": 142,
      "TotalMonthlyTicketCount": 317,
      "UpdateStatus": {
        "$UpdateStatus": "0"
      },
      "Updated": {
        "$Time": "2021-07-10 20:05:02 +0008 UTC+8"
      },
      "WeekBookmarkCount": 14435,
      "WeekClickCount": 1928559,
      "WeekFanValue": 24052,
      "WeekNoVIPClickCount": 1188132,
      "WeekRecommendCount": 3875,
      "WordCount": 125033
    }
  },
  {
    "$Book": {
      "Author": "太阳万岁",
      "BladeCount": 110,
      "BookmarkCount": 15545,
      "Category": {
        "$Category": "6"
      },
      "ChapterCount": 40,
      "ClickCount": 2095542,
      "CoverURL": "http://c1.kuangxiangit.com/uploads/allimg/c210628/28-06-21225323-38970.jpg",
      "Created": {
        "$Time": "2021-06-29 17:34:46 +0008 UTC+8"
      },
      "Description": "这是怪兽之王哥斯拉准备毁灭漫威的故事。“消灭东京，踏平福岛，这必须得让真哥斯拉上场呀！”“我的回合！我要派出的选手是——传奇哥斯拉！复仇者们，认输吧！”“食我氧气破坏者！”“你们竟然击退了大胖！但是没关系，又轮到我的回合了。”“以氧气破坏者为前置条件，派出戴斯特洛伊亚！”三首恶龙基多拉掠战星空和灭霸舰队对垒。至尊穆托肆虐阿斯加德，拳打火焰巨人。魔斯拉飞跃卡玛泰姬，宛若天降神灵。伟大的怪兽之王哥斯拉已经降临，超级英雄们，认清现实，然后认输吧！",
      "FanValue": 16052,
      "ID": "100254263",
      "LastChapter": {
        "$Chapter": {
          "BookID": "100254263",
          "Created": {
            "$Time": "2021-07-10 16:31:46 +0008 UTC+8"
          },
          "ID": "107368669",
          "Index": 0,
          "Title": "040.毁灭与新生，天穹打击（2）",
          "Updated": {
            "$Time": "2021-07-10 16:39:25 +0008 UTC+8"
          }
        }
      },
      "MonthBookmarkCount": 15063,
      "MonthClickCount": 2047830,
      "MonthFanValue": 14852,
      "MonthNoVIPClickCount": 1234698,
      "MonthRecommendCount": 7591,
      "MonthlyTicketCount": 281,
      "RecommendCount": 7915,
      "ReviewCount": 74,
      "RewardCount": 4352,
      "Tags": [
        {
          "$Tag": {
            "ID": "932508",
            "Name": "漫威",
            "Type": "3"
          }
        },
        {
          "$Tag": {
            "ID": "924633",
            "Name": "哥斯拉",
            "Type": "3"
          }
        },
        {
          "$Tag": {
            "ID": "937041",
            "Name": "哥总毁灭人类",
            "Type": "3"
          }
        },
        {
          "$Tag": {
            "ID": "924630",
            "Name": "非人",
            "Type": "1"
          }
        },
        {
          "$Tag": {
            "ID": "924631",
            "Name": "卡牌",
            "Type": "1"
          }
        },
        {
          "$Tag": {
            "ID": "924629",
            "Name": "无敌",
            "Type": "1"
          }
        },
        {
          "$Tag": {
            "ID": "924632",
            "Name": "机甲",
            "Type": "1"
          }
        }
      ],
      "Title": "哥斯拉毁灭漫威",
      "TotalBladeCount": 117,
      "TotalMonthlyTicketCount": 300,
      "UpdateStatus": {
        "$UpdateStatus": "0"
      },
      "Updated": {
        "$Time": "2021-07-10 16:31:46 +0008 UTC+8"
      },
      "WeekBookmarkCount": 13376,
      "WeekClickCount": 1877385,
      "WeekFanValue": 11652,
      "WeekNoVIPClickCount": 1129311,
      "WeekRecommendCount": 6642,
      "WordCount": 85637
    }
  },
  {
    "$Book": {
      "Author": "千",
      "BladeCount": 162,
      "BookmarkCount": 38103,
      "Category": {
        "$Category": "3"
      },
      "ChapterCount": 47,
      "ClickCount": 6473997,
      "CoverURL": "http://c1.kuangxiangit.com/uploads/allimg/c210613/13-06-21155923-61935.jpg",
      "Created": {
        "$Time": "2021-06-24 14:09:47 +0008 UTC+8"
      },
      "Description": "安毅原本过着每天排位5小时，手游肝到肾透支的安逸人生。然而平静的生活转瞬即逝，一个意外让他穿越到了距今5000年以前的型月世界。这是一个诸神满地走，神兽不如狗的时代。不过最要命的不是这个。安毅发现自己穿越成的是自己排位赛中最后使用的英雄。暗裔剑魔——亚托克斯。他变成了一把剑。“择人而噬的魔剑？你有资格成为本王的宝物。”俯视着安毅的英雄王吉尔伽美什如是说道。“身为武器的我们，为什么会拥有自我的意识呢？”仰望着晨星的天之锁恩奇都在安毅的身旁自言自语。“拔出你的话，我就拥有能够胜过父王的力量了吗？”卡姆兰的剑丘上，染血的骑士莫德雷德握住了红色的魔剑。穿越到型月世界的暗裔剑魔，似乎与这个世界摩擦出了了不得的火花。",
      "FanValue": 33468,
      "ID": "100252262",
      "LastChapter": {
        "$Chapter": {
          "BookID": "100252262",
          "Created": {
            "$Time": "2021-07-10 20:29:56 +0008 UTC+8"
          },
          "ID": "107369596",
          "Index": 0,
          "Title": "第四十六章 命运女神（四更）",
          "Updated": {
            "$Time": "2021-07-10 20:37:26 +0008 UTC+8"
          }
        }
      },
      "MonthBookmarkCount": 12705,
      "MonthClickCount": 3702795,
      "MonthFanValue": 23516,
      "MonthNoVIPClickCount": 1970412,
      "MonthRecommendCount": 13971,
      "MonthlyTicketCount": 637,
      "RecommendCount": 20230,
      "ReviewCount": 94,
      "RewardCount": 11868,
      "Tags": [
        {
          "$Tag": {
            "ID": "916800",
            "Name": "穿越",
            "Type": "1"
          }
        },
        {
          "$Tag": {
            "ID": "916798",
            "Name": "型月",
            "Type": "2"
          }
        },
        {
          "$Tag": {
            "ID": "916799",
            "Name": "fate",
            "Type": "2"
          }
        },
        {
          "$Tag": {
            "ID": "916803",
            "Name": "战斗",
            "Type": "1"
          }
        },
        {
          "$Tag": {
            "ID": "916801",
            "Name": "冒险",
            "Type": "1"
          }
        },
        {
          "$Tag": {
            "ID": "916802",
            "Name": "英雄联盟",
            "Type": "3"
          }
        }
      ],
      "Title": "我，诸剑之祖，神代剑魔",
      "TotalBladeCount": 216,
      "TotalMonthlyTicketCount": 1023,
      "UpdateStatus": {
        "$UpdateStatus": "0"
      },
      "Updated": {
        "$Time": "2021-07-10 20:29:56 +0008 UTC+8"
      },
      "WeekBookmarkCount": 2634,
      "WeekClickCount": 1803993,
      "WeekFanValue": 9740,
      "WeekNoVIPClickCount": 933537,
      "WeekRecommendCount": 7256,
      "WordCount": 112012
    }
  },
  {
    "$Book": {
      "Author": "刘三乡",
      "BladeCount": 487,
      "BookmarkCount": 25229,
      "Category": {
        "$Category": "5"
      },
      "ChapterCount": 84,
      "ClickCount": 4498152,
      "CoverURL": "http://c1.kuangxiangit.com/uploads/allimg/c210619/19-06-21013519-31239.jpg",
      "Created": {
        "$Time": "2021-06-22 14:49:39 +0008 UTC+8"
      },
      "Description": "“给各位同胞提个醒，玩恋爱类游戏的时候，不要仗着网络是虚拟的，就为所欲为、始乱终弃、给自己结个数十位道侣。切记，互联网不是法外之地，要遵守基本道德！如若不然，等你哪天像我一样穿越进游戏里，就知道什么是生不如死了…”——林秀（书友群:604470515）",
      "FanValue": 453780,
      "ID": "100253426",
      "LastChapter": {
        "$Chapter": {
          "BookID": "100253426",
          "Created": {
            "$Time": "2021-07-10 07:00:02 +0008 UTC+8"
          },
          "ID": "107366123",
          "Index": 0,
          "Title": "第82章：玉无双、大真人",
          "Updated": {
            "$Time": "2021-07-10 07:00:02 +0008 UTC+8"
          }
        }
      },
      "MonthBookmarkCount": 13315,
      "MonthClickCount": 3146703,
      "MonthFanValue": 447704,
      "MonthNoVIPClickCount": 1852086,
      "MonthRecommendCount": 11299,
      "MonthlyTicketCount": 780,
      "RecommendCount": 13057,
      "ReviewCount": 53,
      "RewardCount": 26492,
      "Tags": [
        {
          "$Tag": {
            "ID": "932211",
            "Name": "原创",
            "Type": "3"
          }
        },
        {
          "$Tag": {
            "ID": "922152",
            "Name": "修罗场",
            "Type": "1"
          }
        },
        {
          "$Tag": {
            "ID": "922153",
            "Name": "后宫",
            "Type": "1"
          }
        },
        {
          "$Tag": {
            "ID": "921337",
            "Name": "爆笑",
            "Type": "1"
          }
        }
      ],
      "Title": "整个修仙界都怕我前女友",
      "TotalBladeCount": 516,
      "TotalMonthlyTicketCount": 874,
      "UpdateStatus": {
        "$UpdateStatus": "0"
      },
      "Updated": {
        "$Time": "2021-07-10 07:00:02 +0008 UTC+8"
      },
      "WeekBookmarkCount": 4795,
      "WeekClickCount": 1675413,
      "WeekFanValue": 407036,
      "WeekNoVIPClickCount": 920847,
      "WeekRecommendCount": 5980,
      "WordCount": 185690
    }
  }
]
